Archive member included because of file (symbol)

d:/kinetis/toolchain/bin/../lib/gcc/arm-none-eabi/4.8.4/../../../../arm-none-eabi/lib/armv7e-m\libg_s.a(lib_a-exit.o)
                              d:/kinetis/toolchain/bin/../lib/gcc/arm-none-eabi/4.8.4/../../../../arm-none-eabi/lib/armv7e-m/crt0.o (exit)
d:/kinetis/toolchain/bin/../lib/gcc/arm-none-eabi/4.8.4/../../../../arm-none-eabi/lib/armv7e-m\libg_s.a(lib_a-impure.o)
                              d:/kinetis/toolchain/bin/../lib/gcc/arm-none-eabi/4.8.4/../../../../arm-none-eabi/lib/armv7e-m\libg_s.a(lib_a-exit.o) (_global_impure_ptr)
d:/kinetis/toolchain/bin/../lib/gcc/arm-none-eabi/4.8.4/../../../../arm-none-eabi/lib/armv7e-m\libg_s.a(lib_a-init.o)
                              d:/kinetis/toolchain/bin/../lib/gcc/arm-none-eabi/4.8.4/../../../../arm-none-eabi/lib/armv7e-m/crt0.o (__libc_init_array)
d:/kinetis/toolchain/bin/../lib/gcc/arm-none-eabi/4.8.4/../../../../arm-none-eabi/lib/armv7e-m\libg_s.a(lib_a-memset.o)
                              d:/kinetis/toolchain/bin/../lib/gcc/arm-none-eabi/4.8.4/../../../../arm-none-eabi/lib/armv7e-m/crt0.o (memset)
d:/kinetis/toolchain/bin/../lib/gcc/arm-none-eabi/4.8.4/../../../../arm-none-eabi/lib/armv7e-m\libnosys.a(_exit.o)
                              d:/kinetis/toolchain/bin/../lib/gcc/arm-none-eabi/4.8.4/../../../../arm-none-eabi/lib/armv7e-m\libg_s.a(lib_a-exit.o) (_exit)

Allocating common symbols
Common symbol       size              file

SR_reg              0x1               ./Generated_Code/Cpu.o

Discarded input sections

 .text          0x00000000        0x0 d:/kinetis/toolchain/bin/../lib/gcc/arm-none-eabi/4.8.4/armv7e-m/crti.o
 .data          0x00000000        0x0 d:/kinetis/toolchain/bin/../lib/gcc/arm-none-eabi/4.8.4/armv7e-m/crti.o
 .bss           0x00000000        0x0 d:/kinetis/toolchain/bin/../lib/gcc/arm-none-eabi/4.8.4/armv7e-m/crti.o
 .data          0x00000000        0x4 d:/kinetis/toolchain/bin/../lib/gcc/arm-none-eabi/4.8.4/armv7e-m/crtbegin.o
 .data          0x00000000        0x0 d:/kinetis/toolchain/bin/../lib/gcc/arm-none-eabi/4.8.4/../../../../arm-none-eabi/lib/armv7e-m/crt0.o
 .bss           0x00000000        0x0 d:/kinetis/toolchain/bin/../lib/gcc/arm-none-eabi/4.8.4/../../../../arm-none-eabi/lib/armv7e-m/crt0.o
 .ARM.extab     0x00000000        0x0 d:/kinetis/toolchain/bin/../lib/gcc/arm-none-eabi/4.8.4/../../../../arm-none-eabi/lib/armv7e-m/crt0.o
 .group         0x00000000        0x8 ./Sources/Events.o
 .group         0x00000000        0x8 ./Sources/Events.o
 .group         0x00000000        0x8 ./Sources/Events.o
 .group         0x00000000        0x8 ./Sources/Events.o
 .group         0x00000000        0x8 ./Sources/Events.o
 .group         0x00000000        0x8 ./Sources/Events.o
 .group         0x00000000        0x8 ./Sources/Events.o
 .group         0x00000000        0x8 ./Sources/Events.o
 .group         0x00000000        0x8 ./Sources/Events.o
 .group         0x00000000        0x8 ./Sources/Events.o
 .group         0x00000000        0x8 ./Sources/Events.o
 .group         0x00000000        0x8 ./Sources/Events.o
 .group         0x00000000        0x8 ./Sources/Events.o
 .group         0x00000000        0x8 ./Sources/Events.o
 .group         0x00000000        0x8 ./Sources/Events.o
 .group         0x00000000        0x8 ./Sources/Events.o
 .group         0x00000000        0x8 ./Sources/Events.o
 .group         0x00000000        0x8 ./Sources/Events.o
 .group         0x00000000        0x8 ./Sources/Events.o
 .text          0x00000000        0x0 ./Sources/Events.o
 .data          0x00000000        0x0 ./Sources/Events.o
 .bss           0x00000000        0x0 ./Sources/Events.o
 .group         0x00000000        0x8 ./Sources/main.o
 .group         0x00000000        0x8 ./Sources/main.o
 .group         0x00000000        0x8 ./Sources/main.o
 .group         0x00000000        0x8 ./Sources/main.o
 .group         0x00000000        0x8 ./Sources/main.o
 .group         0x00000000        0x8 ./Sources/main.o
 .group         0x00000000        0x8 ./Sources/main.o
 .group         0x00000000        0x8 ./Sources/main.o
 .group         0x00000000        0x8 ./Sources/main.o
 .group         0x00000000        0x8 ./Sources/main.o
 .group         0x00000000        0x8 ./Sources/main.o
 .group         0x00000000        0x8 ./Sources/main.o
 .group         0x00000000        0x8 ./Sources/main.o
 .group         0x00000000        0x8 ./Sources/main.o
 .group         0x00000000        0x8 ./Sources/main.o
 .group         0x00000000        0x8 ./Sources/main.o
 .group         0x00000000        0x8 ./Sources/main.o
 .group         0x00000000        0x8 ./Sources/main.o
 .group         0x00000000        0x8 ./Sources/main.o
 .text          0x00000000        0x0 ./Sources/main.o
 .data          0x00000000        0x0 ./Sources/main.o
 .bss           0x00000000        0x0 ./Sources/main.o
 .debug_macro   0x00000000      0x84a ./Sources/main.o
 .debug_macro   0x00000000       0x16 ./Sources/main.o
 .debug_macro   0x00000000       0x44 ./Sources/main.o
 .debug_macro   0x00000000      0x209 ./Sources/main.o
 .debug_macro   0x00000000     0x1808 ./Sources/main.o
 .debug_macro   0x00000000      0x14e ./Sources/main.o
 .debug_macro   0x00000000       0x6a ./Sources/main.o
 .debug_macro   0x00000000    0x116a7 ./Sources/main.o
 .debug_macro   0x00000000       0x94 ./Sources/main.o
 .debug_macro   0x00000000       0x94 ./Sources/main.o
 .debug_macro   0x00000000      0x12c ./Sources/main.o
 .debug_macro   0x00000000       0x46 ./Sources/main.o
 .debug_macro   0x00000000       0x26 ./Sources/main.o
 .debug_macro   0x00000000      0x6a6 ./Sources/main.o
 .debug_macro   0x00000000       0x5a ./Sources/main.o
 .debug_macro   0x00000000       0x2f ./Sources/main.o
 .debug_macro   0x00000000       0x11 ./Sources/main.o
 .debug_macro   0x00000000      0x4ea ./Sources/main.o
 .debug_macro   0x00000000       0x34 ./Sources/main.o
 .group         0x00000000        0x8 ./Project_Settings/Startup_Code/startup.o
 .group         0x00000000        0x8 ./Project_Settings/Startup_Code/startup.o
 .group         0x00000000        0x8 ./Project_Settings/Startup_Code/startup.o
 .group         0x00000000        0x8 ./Project_Settings/Startup_Code/startup.o
 .group         0x00000000        0x8 ./Project_Settings/Startup_Code/startup.o
 .group         0x00000000        0x8 ./Project_Settings/Startup_Code/startup.o
 .group         0x00000000        0x8 ./Project_Settings/Startup_Code/startup.o
 .group         0x00000000        0x8 ./Project_Settings/Startup_Code/startup.o
 .group         0x00000000        0x8 ./Project_Settings/Startup_Code/startup.o
 .group         0x00000000        0x8 ./Project_Settings/Startup_Code/startup.o
 .group         0x00000000        0x8 ./Project_Settings/Startup_Code/startup.o
 .group         0x00000000        0x8 ./Project_Settings/Startup_Code/startup.o
 .group         0x00000000        0x8 ./Project_Settings/Startup_Code/startup.o
 .group         0x00000000        0x8 ./Project_Settings/Startup_Code/startup.o
 .group         0x00000000        0x8 ./Project_Settings/Startup_Code/startup.o
 .group         0x00000000        0x8 ./Project_Settings/Startup_Code/startup.o
 .group         0x00000000        0x8 ./Project_Settings/Startup_Code/startup.o
 .group         0x00000000        0x8 ./Project_Settings/Startup_Code/startup.o
 .group         0x00000000        0x8 ./Project_Settings/Startup_Code/startup.o
 .text          0x00000000        0x0 ./Project_Settings/Startup_Code/startup.o
 .data          0x00000000        0x0 ./Project_Settings/Startup_Code/startup.o
 .bss           0x00000000        0x0 ./Project_Settings/Startup_Code/startup.o
 .text.__init_hardware
                0x00000000        0xc ./Project_Settings/Startup_Code/startup.o
 .text.__iar_program_start
                0x00000000        0xc ./Project_Settings/Startup_Code/startup.o
 .debug_macro   0x00000000      0x84a ./Project_Settings/Startup_Code/startup.o
 .debug_macro   0x00000000       0x16 ./Project_Settings/Startup_Code/startup.o
 .group         0x00000000        0x8 ./Generated_Code/Bit1.o
 .group         0x00000000        0x8 ./Generated_Code/Bit1.o
 .group         0x00000000        0x8 ./Generated_Code/Bit1.o
 .group         0x00000000        0x8 ./Generated_Code/Bit1.o
 .group         0x00000000        0x8 ./Generated_Code/Bit1.o
 .group         0x00000000        0x8 ./Generated_Code/Bit1.o
 .group         0x00000000        0x8 ./Generated_Code/Bit1.o
 .group         0x00000000        0x8 ./Generated_Code/Bit1.o
 .group         0x00000000        0x8 ./Generated_Code/Bit1.o
 .group         0x00000000        0x8 ./Generated_Code/Bit1.o
 .group         0x00000000        0x8 ./Generated_Code/Bit1.o
 .group         0x00000000        0x8 ./Generated_Code/Bit1.o
 .group         0x00000000        0x8 ./Generated_Code/Bit1.o
 .text          0x00000000        0x0 ./Generated_Code/Bit1.o
 .data          0x00000000        0x0 ./Generated_Code/Bit1.o
 .bss           0x00000000        0x0 ./Generated_Code/Bit1.o
 .debug_info    0x00000000       0x7d ./Generated_Code/Bit1.o
 .debug_abbrev  0x00000000       0x29 ./Generated_Code/Bit1.o
 .debug_aranges
                0x00000000       0x18 ./Generated_Code/Bit1.o
 .debug_macro   0x00000000       0xb5 ./Generated_Code/Bit1.o
 .debug_macro   0x00000000      0x84a ./Generated_Code/Bit1.o
 .debug_macro   0x00000000       0x16 ./Generated_Code/Bit1.o
 .debug_macro   0x00000000       0x44 ./Generated_Code/Bit1.o
 .debug_macro   0x00000000      0x209 ./Generated_Code/Bit1.o
 .debug_macro   0x00000000     0x1808 ./Generated_Code/Bit1.o
 .debug_macro   0x00000000      0x14e ./Generated_Code/Bit1.o
 .debug_macro   0x00000000       0x6a ./Generated_Code/Bit1.o
 .debug_macro   0x00000000    0x116a7 ./Generated_Code/Bit1.o
 .debug_macro   0x00000000       0x94 ./Generated_Code/Bit1.o
 .debug_macro   0x00000000      0x12c ./Generated_Code/Bit1.o
 .debug_macro   0x00000000       0x9a ./Generated_Code/Bit1.o
 .debug_macro   0x00000000       0x46 ./Generated_Code/Bit1.o
 .debug_macro   0x00000000       0x26 ./Generated_Code/Bit1.o
 .debug_line    0x00000000      0x222 ./Generated_Code/Bit1.o
 .debug_str     0x00000000    0x6b5aa ./Generated_Code/Bit1.o
 .comment       0x00000000       0x71 ./Generated_Code/Bit1.o
 .ARM.attributes
                0x00000000       0x33 ./Generated_Code/Bit1.o
 .group         0x00000000        0x8 ./Generated_Code/BitIoLdd1.o
 .group         0x00000000        0x8 ./Generated_Code/BitIoLdd1.o
 .group         0x00000000        0x8 ./Generated_Code/BitIoLdd1.o
 .group         0x00000000        0x8 ./Generated_Code/BitIoLdd1.o
 .group         0x00000000        0x8 ./Generated_Code/BitIoLdd1.o
 .group         0x00000000        0x8 ./Generated_Code/BitIoLdd1.o
 .group         0x00000000        0x8 ./Generated_Code/BitIoLdd1.o
 .group         0x00000000        0x8 ./Generated_Code/BitIoLdd1.o
 .group         0x00000000        0x8 ./Generated_Code/BitIoLdd1.o
 .group         0x00000000        0x8 ./Generated_Code/BitIoLdd1.o
 .group         0x00000000        0x8 ./Generated_Code/BitIoLdd1.o
 .group         0x00000000        0x8 ./Generated_Code/BitIoLdd1.o
 .text          0x00000000        0x0 ./Generated_Code/BitIoLdd1.o
 .data          0x00000000        0x0 ./Generated_Code/BitIoLdd1.o
 .bss           0x00000000        0x0 ./Generated_Code/BitIoLdd1.o
 .text.BitIoLdd1_GetVal
                0x00000000       0x30 ./Generated_Code/BitIoLdd1.o
 .text.BitIoLdd1_PutVal
                0x00000000       0x30 ./Generated_Code/BitIoLdd1.o
 .text.BitIoLdd1_ClrVal
                0x00000000       0x1c ./Generated_Code/BitIoLdd1.o
 .text.BitIoLdd1_SetVal
                0x00000000       0x1c ./Generated_Code/BitIoLdd1.o
 .debug_macro   0x00000000      0x84a ./Generated_Code/BitIoLdd1.o
 .debug_macro   0x00000000       0x16 ./Generated_Code/BitIoLdd1.o
 .debug_macro   0x00000000       0x44 ./Generated_Code/BitIoLdd1.o
 .debug_macro   0x00000000      0x209 ./Generated_Code/BitIoLdd1.o
 .debug_macro   0x00000000     0x1808 ./Generated_Code/BitIoLdd1.o
 .debug_macro   0x00000000      0x14e ./Generated_Code/BitIoLdd1.o
 .debug_macro   0x00000000       0x6a ./Generated_Code/BitIoLdd1.o
 .debug_macro   0x00000000    0x116a7 ./Generated_Code/BitIoLdd1.o
 .debug_macro   0x00000000       0x94 ./Generated_Code/BitIoLdd1.o
 .debug_macro   0x00000000      0x12c ./Generated_Code/BitIoLdd1.o
 .debug_macro   0x00000000       0x9a ./Generated_Code/BitIoLdd1.o
 .debug_macro   0x00000000       0x46 ./Generated_Code/BitIoLdd1.o
 .group         0x00000000        0x8 ./Generated_Code/Cpu.o
 .group         0x00000000        0x8 ./Generated_Code/Cpu.o
 .group         0x00000000        0x8 ./Generated_Code/Cpu.o
 .group         0x00000000        0x8 ./Generated_Code/Cpu.o
 .group         0x00000000        0x8 ./Generated_Code/Cpu.o
 .group         0x00000000        0x8 ./Generated_Code/Cpu.o
 .group         0x00000000        0x8 ./Generated_Code/Cpu.o
 .group         0x00000000        0x8 ./Generated_Code/Cpu.o
 .group         0x00000000        0x8 ./Generated_Code/Cpu.o
 .group         0x00000000        0x8 ./Generated_Code/Cpu.o
 .group         0x00000000        0x8 ./Generated_Code/Cpu.o
 .group         0x00000000        0x8 ./Generated_Code/Cpu.o
 .group         0x00000000        0x8 ./Generated_Code/Cpu.o
 .group         0x00000000        0x8 ./Generated_Code/Cpu.o
 .group         0x00000000        0x8 ./Generated_Code/Cpu.o
 .group         0x00000000        0x8 ./Generated_Code/Cpu.o
 .group         0x00000000        0x8 ./Generated_Code/Cpu.o
 .group         0x00000000        0x8 ./Generated_Code/Cpu.o
 .group         0x00000000        0x8 ./Generated_Code/Cpu.o
 .text          0x00000000        0x0 ./Generated_Code/Cpu.o
 .data          0x00000000        0x0 ./Generated_Code/Cpu.o
 .bss           0x00000000        0x0 ./Generated_Code/Cpu.o
 .bss.SR_lock   0x00000000        0x1 ./Generated_Code/Cpu.o
 .debug_macro   0x00000000      0x84a ./Generated_Code/Cpu.o
 .debug_macro   0x00000000       0x16 ./Generated_Code/Cpu.o
 .debug_macro   0x00000000       0x44 ./Generated_Code/Cpu.o
 .debug_macro   0x00000000      0x209 ./Generated_Code/Cpu.o
 .debug_macro   0x00000000     0x1808 ./Generated_Code/Cpu.o
 .debug_macro   0x00000000      0x14e ./Generated_Code/Cpu.o
 .debug_macro   0x00000000       0x6a ./Generated_Code/Cpu.o
 .debug_macro   0x00000000    0x116a7 ./Generated_Code/Cpu.o
 .debug_macro   0x00000000       0x94 ./Generated_Code/Cpu.o
 .debug_macro   0x00000000      0x12c ./Generated_Code/Cpu.o
 .debug_macro   0x00000000       0x9a ./Generated_Code/Cpu.o
 .debug_macro   0x00000000       0x46 ./Generated_Code/Cpu.o
 .debug_macro   0x00000000       0x26 ./Generated_Code/Cpu.o
 .debug_macro   0x00000000      0x6a6 ./Generated_Code/Cpu.o
 .debug_macro   0x00000000       0x5a ./Generated_Code/Cpu.o
 .debug_macro   0x00000000       0x2f ./Generated_Code/Cpu.o
 .debug_macro   0x00000000       0x11 ./Generated_Code/Cpu.o
 .debug_macro   0x00000000      0x4ea ./Generated_Code/Cpu.o
 .debug_macro   0x00000000       0x34 ./Generated_Code/Cpu.o
 COMMON         0x00000000        0x1 ./Generated_Code/Cpu.o
 .group         0x00000000        0x8 ./Generated_Code/ExtInt1.o
 .group         0x00000000        0x8 ./Generated_Code/ExtInt1.o
 .group         0x00000000        0x8 ./Generated_Code/ExtInt1.o
 .group         0x00000000        0x8 ./Generated_Code/ExtInt1.o
 .group         0x00000000        0x8 ./Generated_Code/ExtInt1.o
 .group         0x00000000        0x8 ./Generated_Code/ExtInt1.o
 .group         0x00000000        0x8 ./Generated_Code/ExtInt1.o
 .group         0x00000000        0x8 ./Generated_Code/ExtInt1.o
 .group         0x00000000        0x8 ./Generated_Code/ExtInt1.o
 .group         0x00000000        0x8 ./Generated_Code/ExtInt1.o
 .group         0x00000000        0x8 ./Generated_Code/ExtInt1.o
 .group         0x00000000        0x8 ./Generated_Code/ExtInt1.o
 .group         0x00000000        0x8 ./Generated_Code/ExtInt1.o
 .group         0x00000000        0x8 ./Generated_Code/ExtInt1.o
 .group         0x00000000        0x8 ./Generated_Code/ExtInt1.o
 .group         0x00000000        0x8 ./Generated_Code/ExtInt1.o
 .group         0x00000000        0x8 ./Generated_Code/ExtInt1.o
 .group         0x00000000        0x8 ./Generated_Code/ExtInt1.o
 .group         0x00000000        0x8 ./Generated_Code/ExtInt1.o
 .text          0x00000000        0x0 ./Generated_Code/ExtInt1.o
 .data          0x00000000        0x0 ./Generated_Code/ExtInt1.o
 .bss           0x00000000        0x0 ./Generated_Code/ExtInt1.o
 .debug_macro   0x00000000      0x84a ./Generated_Code/ExtInt1.o
 .debug_macro   0x00000000       0x16 ./Generated_Code/ExtInt1.o
 .debug_macro   0x00000000       0x44 ./Generated_Code/ExtInt1.o
 .debug_macro   0x00000000      0x209 ./Generated_Code/ExtInt1.o
 .debug_macro   0x00000000     0x1808 ./Generated_Code/ExtInt1.o
 .debug_macro   0x00000000      0x14e ./Generated_Code/ExtInt1.o
 .debug_macro   0x00000000       0x6a ./Generated_Code/ExtInt1.o
 .debug_macro   0x00000000    0x116a7 ./Generated_Code/ExtInt1.o
 .debug_macro   0x00000000       0x94 ./Generated_Code/ExtInt1.o
 .debug_macro   0x00000000      0x12c ./Generated_Code/ExtInt1.o
 .debug_macro   0x00000000       0x9a ./Generated_Code/ExtInt1.o
 .debug_macro   0x00000000       0x46 ./Generated_Code/ExtInt1.o
 .debug_macro   0x00000000       0x26 ./Generated_Code/ExtInt1.o
 .debug_macro   0x00000000      0x6a6 ./Generated_Code/ExtInt1.o
 .debug_macro   0x00000000       0x5a ./Generated_Code/ExtInt1.o
 .debug_macro   0x00000000       0x2f ./Generated_Code/ExtInt1.o
 .debug_macro   0x00000000       0x11 ./Generated_Code/ExtInt1.o
 .debug_macro   0x00000000      0x4ea ./Generated_Code/ExtInt1.o
 .debug_macro   0x00000000       0x34 ./Generated_Code/ExtInt1.o
 .group         0x00000000        0x8 ./Generated_Code/ExtIntLdd1.o
 .group         0x00000000        0x8 ./Generated_Code/ExtIntLdd1.o
 .group         0x00000000        0x8 ./Generated_Code/ExtIntLdd1.o
 .group         0x00000000        0x8 ./Generated_Code/ExtIntLdd1.o
 .group         0x00000000        0x8 ./Generated_Code/ExtIntLdd1.o
 .group         0x00000000        0x8 ./Generated_Code/ExtIntLdd1.o
 .group         0x00000000        0x8 ./Generated_Code/ExtIntLdd1.o
 .group         0x00000000        0x8 ./Generated_Code/ExtIntLdd1.o
 .group         0x00000000        0x8 ./Generated_Code/ExtIntLdd1.o
 .group         0x00000000        0x8 ./Generated_Code/ExtIntLdd1.o
 .group         0x00000000        0x8 ./Generated_Code/ExtIntLdd1.o
 .group         0x00000000        0x8 ./Generated_Code/ExtIntLdd1.o
 .group         0x00000000        0x8 ./Generated_Code/ExtIntLdd1.o
 .text          0x00000000        0x0 ./Generated_Code/ExtIntLdd1.o
 .data          0x00000000        0x0 ./Generated_Code/ExtIntLdd1.o
 .bss           0x00000000        0x0 ./Generated_Code/ExtIntLdd1.o
 .text.ExtIntLdd1_GetVal
                0x00000000       0x2c ./Generated_Code/ExtIntLdd1.o
 .text.ExtIntLdd1_SetEdge
                0x00000000       0x8c ./Generated_Code/ExtIntLdd1.o
 .debug_macro   0x00000000      0x84a ./Generated_Code/ExtIntLdd1.o
 .debug_macro   0x00000000       0x16 ./Generated_Code/ExtIntLdd1.o
 .debug_macro   0x00000000       0x44 ./Generated_Code/ExtIntLdd1.o
 .debug_macro   0x00000000      0x209 ./Generated_Code/ExtIntLdd1.o
 .debug_macro   0x00000000     0x1808 ./Generated_Code/ExtIntLdd1.o
 .debug_macro   0x00000000      0x14e ./Generated_Code/ExtIntLdd1.o
 .debug_macro   0x00000000       0x6a ./Generated_Code/ExtIntLdd1.o
 .debug_macro   0x00000000    0x116a7 ./Generated_Code/ExtIntLdd1.o
 .debug_macro   0x00000000       0x9a ./Generated_Code/ExtIntLdd1.o
 .debug_macro   0x00000000       0x94 ./Generated_Code/ExtIntLdd1.o
 .debug_macro   0x00000000      0x12c ./Generated_Code/ExtIntLdd1.o
 .debug_macro   0x00000000      0x4ea ./Generated_Code/ExtIntLdd1.o
 .debug_macro   0x00000000       0x34 ./Generated_Code/ExtIntLdd1.o
 .group         0x00000000        0x8 ./Generated_Code/PE_LDD.o
 .group         0x00000000        0x8 ./Generated_Code/PE_LDD.o
 .group         0x00000000        0x8 ./Generated_Code/PE_LDD.o
 .group         0x00000000        0x8 ./Generated_Code/PE_LDD.o
 .group         0x00000000        0x8 ./Generated_Code/PE_LDD.o
 .group         0x00000000        0x8 ./Generated_Code/PE_LDD.o
 .group         0x00000000        0x8 ./Generated_Code/PE_LDD.o
 .group         0x00000000        0x8 ./Generated_Code/PE_LDD.o
 .group         0x00000000        0x8 ./Generated_Code/PE_LDD.o
 .group         0x00000000        0x8 ./Generated_Code/PE_LDD.o
 .group         0x00000000        0x8 ./Generated_Code/PE_LDD.o
 .group         0x00000000        0x8 ./Generated_Code/PE_LDD.o
 .group         0x00000000        0x8 ./Generated_Code/PE_LDD.o
 .group         0x00000000        0x8 ./Generated_Code/PE_LDD.o
 .group         0x00000000        0x8 ./Generated_Code/PE_LDD.o
 .group         0x00000000        0x8 ./Generated_Code/PE_LDD.o
 .group         0x00000000        0x8 ./Generated_Code/PE_LDD.o
 .group         0x00000000        0x8 ./Generated_Code/PE_LDD.o
 .group         0x00000000        0x8 ./Generated_Code/PE_LDD.o
 .text          0x00000000        0x0 ./Generated_Code/PE_LDD.o
 .data          0x00000000        0x0 ./Generated_Code/PE_LDD.o
 .bss           0x00000000        0x0 ./Generated_Code/PE_LDD.o
 .rodata.PE_CpuClockConfigurations
                0x00000000       0x28 ./Generated_Code/PE_LDD.o
 .text.PE_FillMemory
                0x00000000       0x24 ./Generated_Code/PE_LDD.o
 .text.PE_PeripheralUsed
                0x00000000       0x44 ./Generated_Code/PE_LDD.o
 .text.LDD_SetClockConfiguration
                0x00000000       0x14 ./Generated_Code/PE_LDD.o
 .debug_macro   0x00000000      0x84a ./Generated_Code/PE_LDD.o
 .debug_macro   0x00000000       0x16 ./Generated_Code/PE_LDD.o
 .debug_macro   0x00000000       0x44 ./Generated_Code/PE_LDD.o
 .debug_macro   0x00000000      0x209 ./Generated_Code/PE_LDD.o
 .debug_macro   0x00000000     0x1808 ./Generated_Code/PE_LDD.o
 .debug_macro   0x00000000      0x14e ./Generated_Code/PE_LDD.o
 .debug_macro   0x00000000       0x6a ./Generated_Code/PE_LDD.o
 .debug_macro   0x00000000    0x116a7 ./Generated_Code/PE_LDD.o
 .debug_macro   0x00000000       0x94 ./Generated_Code/PE_LDD.o
 .debug_macro   0x00000000      0x12c ./Generated_Code/PE_LDD.o
 .debug_macro   0x00000000       0x9a ./Generated_Code/PE_LDD.o
 .debug_macro   0x00000000       0x46 ./Generated_Code/PE_LDD.o
 .debug_macro   0x00000000       0x26 ./Generated_Code/PE_LDD.o
 .debug_macro   0x00000000      0x6a6 ./Generated_Code/PE_LDD.o
 .debug_macro   0x00000000       0x5a ./Generated_Code/PE_LDD.o
 .debug_macro   0x00000000       0x2f ./Generated_Code/PE_LDD.o
 .debug_macro   0x00000000       0x11 ./Generated_Code/PE_LDD.o
 .debug_macro   0x00000000      0x4ea ./Generated_Code/PE_LDD.o
 .debug_macro   0x00000000       0x34 ./Generated_Code/PE_LDD.o
 .group         0x00000000        0x8 ./Generated_Code/TI1.o
 .group         0x00000000        0x8 ./Generated_Code/TI1.o
 .group         0x00000000        0x8 ./Generated_Code/TI1.o
 .group         0x00000000        0x8 ./Generated_Code/TI1.o
 .group         0x00000000        0x8 ./Generated_Code/TI1.o
 .group         0x00000000        0x8 ./Generated_Code/TI1.o
 .group         0x00000000        0x8 ./Generated_Code/TI1.o
 .group         0x00000000        0x8 ./Generated_Code/TI1.o
 .group         0x00000000        0x8 ./Generated_Code/TI1.o
 .group         0x00000000        0x8 ./Generated_Code/TI1.o
 .group         0x00000000        0x8 ./Generated_Code/TI1.o
 .group         0x00000000        0x8 ./Generated_Code/TI1.o
 .group         0x00000000        0x8 ./Generated_Code/TI1.o
 .group         0x00000000        0x8 ./Generated_Code/TI1.o
 .group         0x00000000        0x8 ./Generated_Code/TI1.o
 .group         0x00000000        0x8 ./Generated_Code/TI1.o
 .group         0x00000000        0x8 ./Generated_Code/TI1.o
 .group         0x00000000        0x8 ./Generated_Code/TI1.o
 .group         0x00000000        0x8 ./Generated_Code/TI1.o
 .text          0x00000000        0x0 ./Generated_Code/TI1.o
 .data          0x00000000        0x0 ./Generated_Code/TI1.o
 .bss           0x00000000        0x0 ./Generated_Code/TI1.o
 .debug_macro   0x00000000      0x84a ./Generated_Code/TI1.o
 .debug_macro   0x00000000       0x16 ./Generated_Code/TI1.o
 .debug_macro   0x00000000       0x44 ./Generated_Code/TI1.o
 .debug_macro   0x00000000      0x209 ./Generated_Code/TI1.o
 .debug_macro   0x00000000     0x1808 ./Generated_Code/TI1.o
 .debug_macro   0x00000000      0x14e ./Generated_Code/TI1.o
 .debug_macro   0x00000000       0x6a ./Generated_Code/TI1.o
 .debug_macro   0x00000000    0x116a7 ./Generated_Code/TI1.o
 .debug_macro   0x00000000       0x94 ./Generated_Code/TI1.o
 .debug_macro   0x00000000      0x12c ./Generated_Code/TI1.o
 .debug_macro   0x00000000       0x9a ./Generated_Code/TI1.o
 .debug_macro   0x00000000       0x46 ./Generated_Code/TI1.o
 .debug_macro   0x00000000       0x26 ./Generated_Code/TI1.o
 .debug_macro   0x00000000      0x6a6 ./Generated_Code/TI1.o
 .debug_macro   0x00000000       0x5a ./Generated_Code/TI1.o
 .debug_macro   0x00000000       0x2f ./Generated_Code/TI1.o
 .debug_macro   0x00000000       0x11 ./Generated_Code/TI1.o
 .debug_macro   0x00000000      0x4ea ./Generated_Code/TI1.o
 .debug_macro   0x00000000       0x34 ./Generated_Code/TI1.o
 .group         0x00000000        0x8 ./Generated_Code/TU1.o
 .group         0x00000000        0x8 ./Generated_Code/TU1.o
 .group         0x00000000        0x8 ./Generated_Code/TU1.o
 .group         0x00000000        0x8 ./Generated_Code/TU1.o
 .group         0x00000000        0x8 ./Generated_Code/TU1.o
 .group         0x00000000        0x8 ./Generated_Code/TU1.o
 .group         0x00000000        0x8 ./Generated_Code/TU1.o
 .group         0x00000000        0x8 ./Generated_Code/TU1.o
 .group         0x00000000        0x8 ./Generated_Code/TU1.o
 .group         0x00000000        0x8 ./Generated_Code/TU1.o
 .group         0x00000000        0x8 ./Generated_Code/TU1.o
 .group         0x00000000        0x8 ./Generated_Code/TU1.o
 .group         0x00000000        0x8 ./Generated_Code/TU1.o
 .text          0x00000000        0x0 ./Generated_Code/TU1.o
 .data          0x00000000        0x0 ./Generated_Code/TU1.o
 .bss           0x00000000        0x0 ./Generated_Code/TU1.o
 .debug_macro   0x00000000      0x84a ./Generated_Code/TU1.o
 .debug_macro   0x00000000       0x16 ./Generated_Code/TU1.o
 .debug_macro   0x00000000       0x44 ./Generated_Code/TU1.o
 .debug_macro   0x00000000      0x209 ./Generated_Code/TU1.o
 .debug_macro   0x00000000     0x1808 ./Generated_Code/TU1.o
 .debug_macro   0x00000000      0x14e ./Generated_Code/TU1.o
 .debug_macro   0x00000000       0x6a ./Generated_Code/TU1.o
 .debug_macro   0x00000000    0x116a7 ./Generated_Code/TU1.o
 .debug_macro   0x00000000       0x94 ./Generated_Code/TU1.o
 .debug_macro   0x00000000       0x9a ./Generated_Code/TU1.o
 .debug_macro   0x00000000       0x5a ./Generated_Code/TU1.o
 .debug_macro   0x00000000       0x2f ./Generated_Code/TU1.o
 .group         0x00000000        0x8 ./Generated_Code/TimerIntLdd1.o
 .group         0x00000000        0x8 ./Generated_Code/TimerIntLdd1.o
 .group         0x00000000        0x8 ./Generated_Code/TimerIntLdd1.o
 .group         0x00000000        0x8 ./Generated_Code/TimerIntLdd1.o
 .group         0x00000000        0x8 ./Generated_Code/TimerIntLdd1.o
 .group         0x00000000        0x8 ./Generated_Code/TimerIntLdd1.o
 .group         0x00000000        0x8 ./Generated_Code/TimerIntLdd1.o
 .group         0x00000000        0x8 ./Generated_Code/TimerIntLdd1.o
 .group         0x00000000        0x8 ./Generated_Code/TimerIntLdd1.o
 .group         0x00000000        0x8 ./Generated_Code/TimerIntLdd1.o
 .group         0x00000000        0x8 ./Generated_Code/TimerIntLdd1.o
 .group         0x00000000        0x8 ./Generated_Code/TimerIntLdd1.o
 .group         0x00000000        0x8 ./Generated_Code/TimerIntLdd1.o
 .group         0x00000000        0x8 ./Generated_Code/TimerIntLdd1.o
 .text          0x00000000        0x0 ./Generated_Code/TimerIntLdd1.o
 .data          0x00000000        0x0 ./Generated_Code/TimerIntLdd1.o
 .bss           0x00000000        0x0 ./Generated_Code/TimerIntLdd1.o
 .debug_macro   0x00000000      0x84a ./Generated_Code/TimerIntLdd1.o
 .debug_macro   0x00000000       0x16 ./Generated_Code/TimerIntLdd1.o
 .debug_macro   0x00000000       0x44 ./Generated_Code/TimerIntLdd1.o
 .debug_macro   0x00000000      0x209 ./Generated_Code/TimerIntLdd1.o
 .debug_macro   0x00000000     0x1808 ./Generated_Code/TimerIntLdd1.o
 .debug_macro   0x00000000      0x14e ./Generated_Code/TimerIntLdd1.o
 .debug_macro   0x00000000       0x6a ./Generated_Code/TimerIntLdd1.o
 .debug_macro   0x00000000    0x116a7 ./Generated_Code/TimerIntLdd1.o
 .debug_macro   0x00000000       0x94 ./Generated_Code/TimerIntLdd1.o
 .debug_macro   0x00000000      0x6a0 ./Generated_Code/TimerIntLdd1.o
 .debug_macro   0x00000000       0x9a ./Generated_Code/TimerIntLdd1.o
 .debug_macro   0x00000000       0x5a ./Generated_Code/TimerIntLdd1.o
 .debug_macro   0x00000000       0x2f ./Generated_Code/TimerIntLdd1.o
 .debug_macro   0x00000000       0x11 ./Generated_Code/TimerIntLdd1.o
 .group         0x00000000        0x8 ./Generated_Code/Vectors.o
 .group         0x00000000        0x8 ./Generated_Code/Vectors.o
 .group         0x00000000        0x8 ./Generated_Code/Vectors.o
 .group         0x00000000        0x8 ./Generated_Code/Vectors.o
 .group         0x00000000        0x8 ./Generated_Code/Vectors.o
 .group         0x00000000        0x8 ./Generated_Code/Vectors.o
 .group         0x00000000        0x8 ./Generated_Code/Vectors.o
 .group         0x00000000        0x8 ./Generated_Code/Vectors.o
 .group         0x00000000        0x8 ./Generated_Code/Vectors.o
 .group         0x00000000        0x8 ./Generated_Code/Vectors.o
 .group         0x00000000        0x8 ./Generated_Code/Vectors.o
 .group         0x00000000        0x8 ./Generated_Code/Vectors.o
 .group         0x00000000        0x8 ./Generated_Code/Vectors.o
 .group         0x00000000        0x8 ./Generated_Code/Vectors.o
 .group         0x00000000        0x8 ./Generated_Code/Vectors.o
 .group         0x00000000        0x8 ./Generated_Code/Vectors.o
 .group         0x00000000        0x8 ./Generated_Code/Vectors.o
 .group         0x00000000        0x8 ./Generated_Code/Vectors.o
 .group         0x00000000        0x8 ./Generated_Code/Vectors.o
 .text          0x00000000        0x0 ./Generated_Code/Vectors.o
 .data          0x00000000        0x0 ./Generated_Code/Vectors.o
 .bss           0x00000000        0x0 ./Generated_Code/Vectors.o
 .debug_macro   0x00000000      0x84a ./Generated_Code/Vectors.o
 .debug_macro   0x00000000       0x16 ./Generated_Code/Vectors.o
 .debug_macro   0x00000000       0x44 ./Generated_Code/Vectors.o
 .debug_macro   0x00000000      0x209 ./Generated_Code/Vectors.o
 .debug_macro   0x00000000     0x1808 ./Generated_Code/Vectors.o
 .debug_macro   0x00000000      0x14e ./Generated_Code/Vectors.o
 .debug_macro   0x00000000       0x6a ./Generated_Code/Vectors.o
 .debug_macro   0x00000000    0x116a7 ./Generated_Code/Vectors.o
 .debug_macro   0x00000000       0x94 ./Generated_Code/Vectors.o
 .debug_macro   0x00000000       0x94 ./Generated_Code/Vectors.o
 .debug_macro   0x00000000      0x12c ./Generated_Code/Vectors.o
 .debug_macro   0x00000000       0x46 ./Generated_Code/Vectors.o
 .debug_macro   0x00000000       0x26 ./Generated_Code/Vectors.o
 .debug_macro   0x00000000      0x6a6 ./Generated_Code/Vectors.o
 .debug_macro   0x00000000       0x5a ./Generated_Code/Vectors.o
 .debug_macro   0x00000000       0x2f ./Generated_Code/Vectors.o
 .debug_macro   0x00000000       0x11 ./Generated_Code/Vectors.o
 .debug_macro   0x00000000      0x4ea ./Generated_Code/Vectors.o
 .debug_macro   0x00000000       0x34 ./Generated_Code/Vectors.o
 .text          0x00000000        0x0 d:/kinetis/toolchain/bin/../lib/gcc/arm-none-eabi/4.8.4/../../../../arm-none-eabi/lib/armv7e-m\libg_s.a(lib_a-exit.o)
 .data          0x00000000        0x0 d:/kinetis/toolchain/bin/../lib/gcc/arm-none-eabi/4.8.4/../../../../arm-none-eabi/lib/armv7e-m\libg_s.a(lib_a-exit.o)
 .bss           0x00000000        0x0 d:/kinetis/toolchain/bin/../lib/gcc/arm-none-eabi/4.8.4/../../../../arm-none-eabi/lib/armv7e-m\libg_s.a(lib_a-exit.o)
 .text          0x00000000        0x0 d:/kinetis/toolchain/bin/../lib/gcc/arm-none-eabi/4.8.4/../../../../arm-none-eabi/lib/armv7e-m\libg_s.a(lib_a-impure.o)
 .data          0x00000000        0x0 d:/kinetis/toolchain/bin/../lib/gcc/arm-none-eabi/4.8.4/../../../../arm-none-eabi/lib/armv7e-m\libg_s.a(lib_a-impure.o)
 .bss           0x00000000        0x0 d:/kinetis/toolchain/bin/../lib/gcc/arm-none-eabi/4.8.4/../../../../arm-none-eabi/lib/armv7e-m\libg_s.a(lib_a-impure.o)
 .data._impure_ptr
                0x00000000        0x4 d:/kinetis/toolchain/bin/../lib/gcc/arm-none-eabi/4.8.4/../../../../arm-none-eabi/lib/armv7e-m\libg_s.a(lib_a-impure.o)
 .text          0x00000000        0x0 d:/kinetis/toolchain/bin/../lib/gcc/arm-none-eabi/4.8.4/../../../../arm-none-eabi/lib/armv7e-m\libg_s.a(lib_a-init.o)
 .data          0x00000000        0x0 d:/kinetis/toolchain/bin/../lib/gcc/arm-none-eabi/4.8.4/../../../../arm-none-eabi/lib/armv7e-m\libg_s.a(lib_a-init.o)
 .bss           0x00000000        0x0 d:/kinetis/toolchain/bin/../lib/gcc/arm-none-eabi/4.8.4/../../../../arm-none-eabi/lib/armv7e-m\libg_s.a(lib_a-init.o)
 .text          0x00000000        0x0 d:/kinetis/toolchain/bin/../lib/gcc/arm-none-eabi/4.8.4/../../../../arm-none-eabi/lib/armv7e-m\libg_s.a(lib_a-memset.o)
 .data          0x00000000        0x0 d:/kinetis/toolchain/bin/../lib/gcc/arm-none-eabi/4.8.4/../../../../arm-none-eabi/lib/armv7e-m\libg_s.a(lib_a-memset.o)
 .bss           0x00000000        0x0 d:/kinetis/toolchain/bin/../lib/gcc/arm-none-eabi/4.8.4/../../../../arm-none-eabi/lib/armv7e-m\libg_s.a(lib_a-memset.o)
 .text          0x00000000        0x0 d:/kinetis/toolchain/bin/../lib/gcc/arm-none-eabi/4.8.4/../../../../arm-none-eabi/lib/armv7e-m\libnosys.a(_exit.o)
 .data          0x00000000        0x0 d:/kinetis/toolchain/bin/../lib/gcc/arm-none-eabi/4.8.4/../../../../arm-none-eabi/lib/armv7e-m\libnosys.a(_exit.o)
 .bss           0x00000000        0x0 d:/kinetis/toolchain/bin/../lib/gcc/arm-none-eabi/4.8.4/../../../../arm-none-eabi/lib/armv7e-m\libnosys.a(_exit.o)
 .text          0x00000000        0x0 d:/kinetis/toolchain/bin/../lib/gcc/arm-none-eabi/4.8.4/armv7e-m/crtend.o
 .data          0x00000000        0x0 d:/kinetis/toolchain/bin/../lib/gcc/arm-none-eabi/4.8.4/armv7e-m/crtend.o
 .bss           0x00000000        0x0 d:/kinetis/toolchain/bin/../lib/gcc/arm-none-eabi/4.8.4/armv7e-m/crtend.o
 .eh_frame      0x00000000        0x4 d:/kinetis/toolchain/bin/../lib/gcc/arm-none-eabi/4.8.4/armv7e-m/crtend.o
 .jcr           0x00000000        0x4 d:/kinetis/toolchain/bin/../lib/gcc/arm-none-eabi/4.8.4/armv7e-m/crtend.o
 .ARM.attributes
                0x00000000       0x2e d:/kinetis/toolchain/bin/../lib/gcc/arm-none-eabi/4.8.4/armv7e-m/crtend.o
 .text          0x00000000        0x0 d:/kinetis/toolchain/bin/../lib/gcc/arm-none-eabi/4.8.4/armv7e-m/crtn.o
 .data          0x00000000        0x0 d:/kinetis/toolchain/bin/../lib/gcc/arm-none-eabi/4.8.4/armv7e-m/crtn.o
 .bss           0x00000000        0x0 d:/kinetis/toolchain/bin/../lib/gcc/arm-none-eabi/4.8.4/armv7e-m/crtn.o

Memory Configuration

Name             Origin             Length             Attributes
m_interrupts     0x00000000         0x000001e0         xr
m_text           0x00000410         0x0007fbf0         xr
m_data           0x1fff0000         0x00010000         rw
m_data_20000000  0x20000000         0x00010000         rw
m_cfmprotrom     0x00000400         0x00000010         xr
*default*        0x00000000         0xffffffff

Linker script and memory map

LOAD d:/kinetis/toolchain/bin/../lib/gcc/arm-none-eabi/4.8.4/armv7e-m/crti.o
LOAD d:/kinetis/toolchain/bin/../lib/gcc/arm-none-eabi/4.8.4/armv7e-m/crtbegin.o
LOAD d:/kinetis/toolchain/bin/../lib/gcc/arm-none-eabi/4.8.4/../../../../arm-none-eabi/lib/armv7e-m/crt0.o
LOAD ./Sources/Events.o
LOAD ./Sources/main.o
LOAD ./Project_Settings/Startup_Code/startup.o
LOAD ./Generated_Code/Bit1.o
LOAD ./Generated_Code/BitIoLdd1.o
LOAD ./Generated_Code/Cpu.o
LOAD ./Generated_Code/ExtInt1.o
LOAD ./Generated_Code/ExtIntLdd1.o
LOAD ./Generated_Code/PE_LDD.o
LOAD ./Generated_Code/TI1.o
LOAD ./Generated_Code/TU1.o
LOAD ./Generated_Code/TimerIntLdd1.o
LOAD ./Generated_Code/Vectors.o
LOAD d:/kinetis/toolchain/bin/../lib/gcc/arm-none-eabi/4.8.4/../../../../arm-none-eabi/lib/armv7e-m\libstdc++_s.a
LOAD d:/kinetis/toolchain/bin/../lib/gcc/arm-none-eabi/4.8.4/../../../../arm-none-eabi/lib/armv7e-m\libm.a
START GROUP
LOAD d:/kinetis/toolchain/bin/../lib/gcc/arm-none-eabi/4.8.4/armv7e-m\libgcc.a
LOAD d:/kinetis/toolchain/bin/../lib/gcc/arm-none-eabi/4.8.4/../../../../arm-none-eabi/lib/armv7e-m\libg_s.a
LOAD d:/kinetis/toolchain/bin/../lib/gcc/arm-none-eabi/4.8.4/../../../../arm-none-eabi/lib/armv7e-m\libc_s.a
END GROUP
START GROUP
LOAD d:/kinetis/toolchain/bin/../lib/gcc/arm-none-eabi/4.8.4/armv7e-m\libgcc.a
LOAD d:/kinetis/toolchain/bin/../lib/gcc/arm-none-eabi/4.8.4/../../../../arm-none-eabi/lib/armv7e-m\libc_s.a
LOAD d:/kinetis/toolchain/bin/../lib/gcc/arm-none-eabi/4.8.4/../../../../arm-none-eabi/lib/armv7e-m\libnosys.a
END GROUP
START GROUP
LOAD d:/kinetis/toolchain/bin/../lib/gcc/arm-none-eabi/4.8.4/armv7e-m\libgcc.a
LOAD d:/kinetis/toolchain/bin/../lib/gcc/arm-none-eabi/4.8.4/../../../../arm-none-eabi/lib/armv7e-m\libc_s.a
LOAD d:/kinetis/toolchain/bin/../lib/gcc/arm-none-eabi/4.8.4/../../../../arm-none-eabi/lib/armv7e-m\libnosys.a
END GROUP
LOAD d:/kinetis/toolchain/bin/../lib/gcc/arm-none-eabi/4.8.4/armv7e-m/crtend.o
LOAD d:/kinetis/toolchain/bin/../lib/gcc/arm-none-eabi/4.8.4/armv7e-m/crtn.o
                0x20000000                _estack = 0x20000000
                0x20000000                __SP_INIT = _estack
                0x20000000                __stack = _estack
                0x00000000                __heap_size = 0x0
                0x00000400                __stack_size = 0x400

.interrupts     0x00000000      0x1e0
                0x00000000                __vector_table = .
                0x00000000                . = ALIGN (0x4)
 *(.vectortable)
 .vectortable   0x00000000      0x1e0 ./Generated_Code/Vectors.o
                0x00000000                __vect_table
                0x000001e0                . = ALIGN (0x4)

.cfmprotect     0x00000400       0x10
                0x00000400                . = ALIGN (0x4)
 *(.cfmconfig)
 .cfmconfig     0x00000400       0x10 ./Generated_Code/Cpu.o
                0x00000400                _cfm
                0x00000410                . = ALIGN (0x4)

.text           0x00000410      0xa30
                0x00000410                . = ALIGN (0x4)
 *(.text)
 .text          0x00000410       0x54 d:/kinetis/toolchain/bin/../lib/gcc/arm-none-eabi/4.8.4/armv7e-m/crtbegin.o
 .text          0x00000464       0x74 d:/kinetis/toolchain/bin/../lib/gcc/arm-none-eabi/4.8.4/../../../../arm-none-eabi/lib/armv7e-m/crt0.o
                0x00000464                _start
                0x00000464                _mainCRTStartup
 *(.text*)
 .text.Cpu_OnNMIINT
                0x000004d8        0xc ./Sources/Events.o
                0x000004d8                Cpu_OnNMIINT
 .text.TI1_OnInterrupt
                0x000004e4       0x14 ./Sources/Events.o
                0x000004e4                TI1_OnInterrupt
 .text.ExtInt1_OnInterrupt
                0x000004f8       0x3c ./Sources/Events.o
                0x000004f8                ExtInt1_OnInterrupt
 .text.main     0x00000534        0xc ./Sources/main.o
                0x00000534                main
 .text.__copy_rom_section
                0x00000540       0xe4 ./Project_Settings/Startup_Code/startup.o
                0x00000540                __copy_rom_section
 .text.__copy_rom_sections_to_ram
                0x00000624       0x9c ./Project_Settings/Startup_Code/startup.o
                0x00000624                __copy_rom_sections_to_ram
 .text.__init_registers
                0x000006c0        0xc ./Project_Settings/Startup_Code/startup.o
                0x000006c0                __init_registers
 .text.__init_user
                0x000006cc        0xc ./Project_Settings/Startup_Code/startup.o
                0x000006cc                __init_user
 .text.__thumb_startup
                0x000006d8       0x34 ./Project_Settings/Startup_Code/startup.o
                0x000006d8                __thumb_startup
 .text.BitIoLdd1_Init
                0x0000070c       0x64 ./Generated_Code/BitIoLdd1.o
                0x0000070c                BitIoLdd1_Init
 .text.BitIoLdd1_NegVal
                0x00000770       0x1c ./Generated_Code/BitIoLdd1.o
                0x00000770                BitIoLdd1_NegVal
 .text.Cpu_INT_NMIInterrupt
                0x0000078c       0x1c ./Generated_Code/Cpu.o
                0x0000078c                Cpu_INT_NMIInterrupt
 .text.Cpu_Interrupt
                0x000007a8       0x18 ./Generated_Code/Cpu.o
                0x000007a8                Cpu_Interrupt
 .text.__init_hardware
                0x000007c0      0x11c ./Generated_Code/Cpu.o
                0x000007c0                __init_hardware
 .text.Cpu_SetBASEPRI
                0x000008dc       0x18 ./Generated_Code/Cpu.o
                0x000008dc                Cpu_SetBASEPRI
 .text.PE_low_level_init
                0x000008f4       0xf4 ./Generated_Code/Cpu.o
                0x000008f4                PE_low_level_init
 .text.ExtIntLdd1_OnInterrupt
                0x000009e8       0x14 ./Generated_Code/ExtInt1.o
                0x000009e8                ExtIntLdd1_OnInterrupt
 .text.ExtIntLdd1_Init
                0x000009fc       0x7c ./Generated_Code/ExtIntLdd1.o
                0x000009fc                ExtIntLdd1_Init
 .text.ExtIntLdd1_Interrupt
                0x00000a78       0x40 ./Generated_Code/ExtIntLdd1.o
                0x00000a78                ExtIntLdd1_Interrupt
 .text.TimerIntLdd1_OnInterrupt
                0x00000ab8       0x14 ./Generated_Code/TI1.o
                0x00000ab8                TimerIntLdd1_OnInterrupt
 .text.TU1_Init
                0x00000acc      0x100 ./Generated_Code/TU1.o
                0x00000acc                TU1_Init
 .text.TU1_Enable
                0x00000bcc       0x30 ./Generated_Code/TU1.o
                0x00000bcc                TU1_Enable
 .text.TU1_Disable
                0x00000bfc       0x28 ./Generated_Code/TU1.o
                0x00000bfc                TU1_Disable
 .text.TU1_Interrupt
                0x00000c24       0x6c ./Generated_Code/TU1.o
                0x00000c24                TU1_Interrupt
 .text.TimerIntLdd1_Init
                0x00000c90       0x50 ./Generated_Code/TimerIntLdd1.o
                0x00000c90                TimerIntLdd1_Init
 .text.TimerIntLdd1_Enable
                0x00000ce0       0x30 ./Generated_Code/TimerIntLdd1.o
                0x00000ce0                TimerIntLdd1_Enable
 .text.TimerIntLdd1_Disable
                0x00000d10       0x30 ./Generated_Code/TimerIntLdd1.o
                0x00000d10                TimerIntLdd1_Disable
 .text.TimerIntLdd1_GetDriverState
                0x00000d40       0x34 ./Generated_Code/TimerIntLdd1.o
                0x00000d40                TimerIntLdd1_GetDriverState
 .text.TU1_OnCounterRestart
                0x00000d74       0x24 ./Generated_Code/TimerIntLdd1.o
                0x00000d74                TU1_OnCounterRestart
 .text.exit     0x00000d98       0x28 d:/kinetis/toolchain/bin/../lib/gcc/arm-none-eabi/4.8.4/../../../../arm-none-eabi/lib/armv7e-m\libg_s.a(lib_a-exit.o)
                0x00000d98                exit
 .text.__libc_init_array
                0x00000dc0       0x4c d:/kinetis/toolchain/bin/../lib/gcc/arm-none-eabi/4.8.4/../../../../arm-none-eabi/lib/armv7e-m\libg_s.a(lib_a-init.o)
                0x00000dc0                __libc_init_array
 .text.memset   0x00000e0c       0x10 d:/kinetis/toolchain/bin/../lib/gcc/arm-none-eabi/4.8.4/../../../../arm-none-eabi/lib/armv7e-m\libg_s.a(lib_a-memset.o)
                0x00000e0c                memset
 .text._exit    0x00000e1c        0x4 d:/kinetis/toolchain/bin/../lib/gcc/arm-none-eabi/4.8.4/../../../../arm-none-eabi/lib/armv7e-m\libnosys.a(_exit.o)
                0x00000e1c                _exit
 *(.rodata)
 *(.rodata*)
 .rodata.str1.1
                0x00000e20        0x2 d:/kinetis/toolchain/bin/../lib/gcc/arm-none-eabi/4.8.4/../../../../arm-none-eabi/lib/armv7e-m\libg_s.a(lib_a-impure.o)
 *fill*         0x00000e22        0x2 
 .rodata._global_impure_ptr
                0x00000e24        0x4 d:/kinetis/toolchain/bin/../lib/gcc/arm-none-eabi/4.8.4/../../../../arm-none-eabi/lib/armv7e-m\libg_s.a(lib_a-impure.o)
                0x00000e24                _global_impure_ptr
 *(.glue_7)
 .glue_7        0x00000000        0x0 linker stubs
 *(.glue_7t)
 .glue_7t       0x00000000        0x0 linker stubs
 *(.eh_frame)
 .eh_frame      0x00000e28        0x0 d:/kinetis/toolchain/bin/../lib/gcc/arm-none-eabi/4.8.4/armv7e-m/crtbegin.o
 *(.init)
 .init          0x00000e28        0x4 d:/kinetis/toolchain/bin/../lib/gcc/arm-none-eabi/4.8.4/armv7e-m/crti.o
                0x00000e28                _init
 .init          0x00000e2c        0x8 d:/kinetis/toolchain/bin/../lib/gcc/arm-none-eabi/4.8.4/armv7e-m/crtn.o
 *(.fini)
 .fini          0x00000e34        0x4 d:/kinetis/toolchain/bin/../lib/gcc/arm-none-eabi/4.8.4/armv7e-m/crti.o
                0x00000e34                _fini
 .fini          0x00000e38        0x8 d:/kinetis/toolchain/bin/../lib/gcc/arm-none-eabi/4.8.4/armv7e-m/crtn.o
                0x00000e40                . = ALIGN (0x4)
                0x00000e40                _etext = .

.vfp11_veneer   0x00000e40        0x0
 .vfp11_veneer  0x00000000        0x0 linker stubs

.v4_bx          0x00000e40        0x0
 .v4_bx         0x00000000        0x0 linker stubs

.iplt           0x00000e40        0x0
 .iplt          0x00000000        0x0 d:/kinetis/toolchain/bin/../lib/gcc/arm-none-eabi/4.8.4/armv7e-m/crtbegin.o

.ARM.extab
 *(.ARM.extab* .gnu.linkonce.armextab.*)

.ARM            0x00000e40        0x8
                0x00000e40                __exidx_start = .
 *(.ARM.exidx*)
 .ARM.exidx     0x00000e40        0x8 d:/kinetis/toolchain/bin/../lib/gcc/arm-none-eabi/4.8.4/../../../../arm-none-eabi/lib/armv7e-m/crt0.o
                0x00000e48                __exidx_end = .

.rel.dyn        0x00000e48        0x0
 .rel.iplt      0x00000000        0x0 d:/kinetis/toolchain/bin/../lib/gcc/arm-none-eabi/4.8.4/armv7e-m/crtbegin.o

.ctors          0x00000e48        0x0
                0x00000e48                __CTOR_LIST__ = .
 *crtbegin.o(.ctors)
 *(EXCLUDE_FILE(*crtend.o) .ctors)
 *(SORT(.ctors.*))
 *(.ctors)
                0x00000e48                __CTOR_END__ = .

.dtors          0x00000e48        0x0
                0x00000e48                __DTOR_LIST__ = .
 *crtbegin.o(.dtors)
 *(EXCLUDE_FILE(*crtend.o) .dtors)
 *(SORT(.dtors.*))
 *(.dtors)
                0x00000e48                __DTOR_END__ = .

.preinit_array  0x00000e48        0x0
                0x00000e48                PROVIDE (__preinit_array_start, .)
 *(.preinit_array*)
                0x00000e48                PROVIDE (__preinit_array_end, .)

.init_array     0x00000e48        0x4
                0x00000e48                PROVIDE (__init_array_start, .)
 *(SORT(.init_array.*))
 *(.init_array*)
 .init_array    0x00000e48        0x4 d:/kinetis/toolchain/bin/../lib/gcc/arm-none-eabi/4.8.4/armv7e-m/crtbegin.o
                0x00000e4c                PROVIDE (__init_array_end, .)

.fini_array     0x00000e4c        0x4
                0x00000e4c                PROVIDE (__fini_array_start, .)
 *(SORT(.fini_array.*))
 *(.fini_array*)
 .fini_array    0x00000e4c        0x4 d:/kinetis/toolchain/bin/../lib/gcc/arm-none-eabi/4.8.4/armv7e-m/crtbegin.o
                0x00000e50                PROVIDE (__fini_array_end, .)
                0x00000e50                ___ROM_AT = .

.data           0x1fff0000       0x60 load address 0x00000e50
                0x1fff0000                . = ALIGN (0x4)
                0x1fff0000                _sdata = .
 *(.data)
 *(.data*)
 .data.impure_data
                0x1fff0000       0x60 d:/kinetis/toolchain/bin/../lib/gcc/arm-none-eabi/4.8.4/../../../../arm-none-eabi/lib/armv7e-m\libg_s.a(lib_a-impure.o)
                0x1fff0060                . = ALIGN (0x4)
                0x1fff0060                _edata = .
                0x00000060                ___data_size = (_edata - _sdata)
                0x00000eb0                ___m_data_20000000_ROMStart = (___ROM_AT + SIZEOF (.data))

.jcr            0x1fff0060        0x0 load address 0x00000eb0
 .jcr           0x1fff0060        0x0 d:/kinetis/toolchain/bin/../lib/gcc/arm-none-eabi/4.8.4/armv7e-m/crtbegin.o

.igot.plt       0x1fff0060        0x0 load address 0x00000eb0
 .igot.plt      0x00000000        0x0 d:/kinetis/toolchain/bin/../lib/gcc/arm-none-eabi/4.8.4/armv7e-m/crtbegin.o

.m_data_20000000
                0x20000000        0x0 load address 0x00000eb0
                0x20000000                . = ALIGN (0x4)
                0x20000000                ___m_data_20000000_RAMStart = .
 *(.m_data_20000000)
                0x20000000                ___m_data_20000000_RAMEnd = .
                0x20000000                . = ALIGN (0x4)
                0x00000000                ___m_data_20000000_ROMSize = (___m_data_20000000_RAMEnd - ___m_data_20000000_RAMStart)
                0x20000000                . = ALIGN (0x4)

.bss            0x1fff0060       0x58 load address 0x00000eb0
                0x1fff0060                __START_BSS = .
                0x1fff0060                PROVIDE (__bss_start__, __START_BSS)
 *(.bss)
 .bss           0x1fff0060       0x1c d:/kinetis/toolchain/bin/../lib/gcc/arm-none-eabi/4.8.4/armv7e-m/crtbegin.o
 *(.bss*)
 .bss.DeviceDataPrv__DEFAULT_RTOS_ALLOC
                0x1fff007c        0x4 ./Generated_Code/BitIoLdd1.o
 .bss.DeviceDataPrv__DEFAULT_RTOS_ALLOC
                0x1fff0080        0x4 ./Generated_Code/ExtIntLdd1.o
 .bss.INT_PORTE__DEFAULT_RTOS_ISRPARAM
                0x1fff0084        0x4 ./Generated_Code/ExtIntLdd1.o
 .bss.PE_LDD_DeviceDataList
                0x1fff0088       0x10 ./Generated_Code/PE_LDD.o
                0x1fff0088                PE_LDD_DeviceDataList
 .bss.DeviceDataPrv__DEFAULT_RTOS_ALLOC
                0x1fff0098       0x10 ./Generated_Code/TU1.o
 .bss.INT_FTM0__DEFAULT_RTOS_ISRPARAM
                0x1fff00a8        0x4 ./Generated_Code/TU1.o
 .bss.DeviceDataPrv__DEFAULT_RTOS_ALLOC
                0x1fff00ac        0xc ./Generated_Code/TimerIntLdd1.o
 *(COMMON)
                0x1fff00b8                . = ALIGN (0x4)
                0x1fff00b8                __END_BSS = .
                0x1fff00b8                PROVIDE (__bss_end__, __END_BSS)
                0x00000eb0                _romp_at = ((___ROM_AT + SIZEOF (.data)) + SIZEOF (.m_data_20000000))

.romp           0x1fff00b8       0x24 load address 0x00000eb0
                0x00000eb0                __S_romp = _romp_at
                0x1fff00b8        0x4 LONG 0xe50 ___ROM_AT
                0x1fff00bc        0x4 LONG 0x1fff0000 _sdata
                0x1fff00c0        0x4 LONG 0x60 ___data_size
                0x1fff00c4        0x4 LONG 0xeb0 ___m_data_20000000_ROMStart
                0x1fff00c8        0x4 LONG 0x20000000 ___m_data_20000000_RAMStart
                0x1fff00cc        0x4 LONG 0x0 ___m_data_20000000_ROMSize
                0x1fff00d0        0x4 LONG 0x0
                0x1fff00d4        0x4 LONG 0x0
                0x1fff00d8        0x4 LONG 0x0
                0x00080000                text_end = (ORIGIN (m_text) + 0x7fbf0)
                0x00000ed4                data_init_end = ((___m_data_20000000_ROMStart + SIZEOF (.m_data_20000000)) + SIZEOF (.romp))
                0x00000001                ASSERT ((data_init_end <= text_end), region m_text overflowed with text and data)

._user_heap_stack
                0x1fff00dc      0x400 load address 0x00000ed4
                0x1fff00dc                . = ALIGN (0x4)
                0x1fff00dc                PROVIDE (end, .)
                0x1fff00dc                PROVIDE (_end, .)
                0x1fff00dc                PROVIDE (__end__, .)
                0x1fff00dc                __heap_addr = .
                0x1fff00dc                __HeapBase = .
                0x1fff00dc                . = (. + __heap_size)
                0x1fff00dc                __HeapLimit = .
                0x1fff04dc                . = (. + __stack_size)
 *fill*         0x1fff00dc      0x400 
                0x1fff04dc                . = ALIGN (0x4)

.ARM.attributes
                0x00000000       0x2a
 *(.ARM.attributes)
 .ARM.attributes
                0x00000000       0x1e d:/kinetis/toolchain/bin/../lib/gcc/arm-none-eabi/4.8.4/armv7e-m/crti.o
 .ARM.attributes
                0x0000001e       0x2e d:/kinetis/toolchain/bin/../lib/gcc/arm-none-eabi/4.8.4/armv7e-m/crtbegin.o
 .ARM.attributes
                0x0000004c       0x1c d:/kinetis/toolchain/bin/../lib/gcc/arm-none-eabi/4.8.4/../../../../arm-none-eabi/lib/armv7e-m/crt0.o
 .ARM.attributes
                0x00000068       0x33 ./Sources/Events.o
 .ARM.attributes
                0x0000009b       0x33 ./Sources/main.o
 .ARM.attributes
                0x000000ce       0x33 ./Project_Settings/Startup_Code/startup.o
 .ARM.attributes
                0x00000101       0x33 ./Generated_Code/BitIoLdd1.o
 .ARM.attributes
                0x00000134       0x33 ./Generated_Code/Cpu.o
 .ARM.attributes
                0x00000167       0x33 ./Generated_Code/ExtInt1.o
 .ARM.attributes
                0x0000019a       0x33 ./Generated_Code/ExtIntLdd1.o
 .ARM.attributes
                0x000001cd       0x33 ./Generated_Code/PE_LDD.o
 .ARM.attributes
                0x00000200       0x33 ./Generated_Code/TI1.o
 .ARM.attributes
                0x00000233       0x33 ./Generated_Code/TU1.o
 .ARM.attributes
                0x00000266       0x33 ./Generated_Code/TimerIntLdd1.o
 .ARM.attributes
                0x00000299       0x33 ./Generated_Code/Vectors.o
 .ARM.attributes
                0x000002cc       0x2e d:/kinetis/toolchain/bin/../lib/gcc/arm-none-eabi/4.8.4/../../../../arm-none-eabi/lib/armv7e-m\libg_s.a(lib_a-exit.o)
 .ARM.attributes
                0x000002fa       0x2e d:/kinetis/toolchain/bin/../lib/gcc/arm-none-eabi/4.8.4/../../../../arm-none-eabi/lib/armv7e-m\libg_s.a(lib_a-impure.o)
 .ARM.attributes
                0x00000328       0x2e d:/kinetis/toolchain/bin/../lib/gcc/arm-none-eabi/4.8.4/../../../../arm-none-eabi/lib/armv7e-m\libg_s.a(lib_a-init.o)
 .ARM.attributes
                0x00000356       0x2e d:/kinetis/toolchain/bin/../lib/gcc/arm-none-eabi/4.8.4/../../../../arm-none-eabi/lib/armv7e-m\libg_s.a(lib_a-memset.o)
 .ARM.attributes
                0x00000384       0x2e d:/kinetis/toolchain/bin/../lib/gcc/arm-none-eabi/4.8.4/../../../../arm-none-eabi/lib/armv7e-m\libnosys.a(_exit.o)
 .ARM.attributes
                0x000003b2       0x1e d:/kinetis/toolchain/bin/../lib/gcc/arm-none-eabi/4.8.4/armv7e-m/crtn.o
OUTPUT(test.elf elf32-littlearm)

.debug_info     0x00000000     0x254d
 .debug_info    0x00000000      0x10f ./Sources/Events.o
 .debug_info    0x0000010f       0x9a ./Sources/main.o
 .debug_info    0x000001a9      0x20a ./Project_Settings/Startup_Code/startup.o
 .debug_info    0x000003b3      0x377 ./Generated_Code/BitIoLdd1.o
 .debug_info    0x0000072a      0xb91 ./Generated_Code/Cpu.o
 .debug_info    0x000012bb       0xb2 ./Generated_Code/ExtInt1.o
 .debug_info    0x0000136d      0x4a1 ./Generated_Code/ExtIntLdd1.o
 .debug_info    0x0000180e      0x251 ./Generated_Code/PE_LDD.o
 .debug_info    0x00001a5f       0xb2 ./Generated_Code/TI1.o
 .debug_info    0x00001b11      0x6d7 ./Generated_Code/TU1.o
 .debug_info    0x000021e8      0x256 ./Generated_Code/TimerIntLdd1.o
 .debug_info    0x0000243e      0x10f ./Generated_Code/Vectors.o

.debug_abbrev   0x00000000      0xba8
 .debug_abbrev  0x00000000       0xc6 ./Sources/Events.o
 .debug_abbrev  0x000000c6       0x47 ./Sources/main.o
 .debug_abbrev  0x0000010d      0x11e ./Project_Settings/Startup_Code/startup.o
 .debug_abbrev  0x0000022b      0x15f ./Generated_Code/BitIoLdd1.o
 .debug_abbrev  0x0000038a      0x185 ./Generated_Code/Cpu.o
 .debug_abbrev  0x0000050f       0x68 ./Generated_Code/ExtInt1.o
 .debug_abbrev  0x00000577      0x15d ./Generated_Code/ExtIntLdd1.o
 .debug_abbrev  0x000006d4      0x10d ./Generated_Code/PE_LDD.o
 .debug_abbrev  0x000007e1       0x68 ./Generated_Code/TI1.o
 .debug_abbrev  0x00000849      0x1a4 ./Generated_Code/TU1.o
 .debug_abbrev  0x000009ed      0x117 ./Generated_Code/TimerIntLdd1.o
 .debug_abbrev  0x00000b04       0xa4 ./Generated_Code/Vectors.o

.debug_aranges  0x00000000      0x260
 .debug_aranges
                0x00000000       0x30 ./Sources/Events.o
 .debug_aranges
                0x00000030       0x20 ./Sources/main.o
 .debug_aranges
                0x00000050       0x50 ./Project_Settings/Startup_Code/startup.o
 .debug_aranges
                0x000000a0       0x48 ./Generated_Code/BitIoLdd1.o
 .debug_aranges
                0x000000e8       0x40 ./Generated_Code/Cpu.o
 .debug_aranges
                0x00000128       0x20 ./Generated_Code/ExtInt1.o
 .debug_aranges
                0x00000148       0x38 ./Generated_Code/ExtIntLdd1.o
 .debug_aranges
                0x00000180       0x30 ./Generated_Code/PE_LDD.o
 .debug_aranges
                0x000001b0       0x20 ./Generated_Code/TI1.o
 .debug_aranges
                0x000001d0       0x38 ./Generated_Code/TU1.o
 .debug_aranges
                0x00000208       0x40 ./Generated_Code/TimerIntLdd1.o
 .debug_aranges
                0x00000248       0x18 ./Generated_Code/Vectors.o

.debug_ranges   0x00000000      0x198
 .debug_ranges  0x00000000       0x20 ./Sources/Events.o
 .debug_ranges  0x00000020       0x10 ./Sources/main.o
 .debug_ranges  0x00000030       0x40 ./Project_Settings/Startup_Code/startup.o
 .debug_ranges  0x00000070       0x38 ./Generated_Code/BitIoLdd1.o
 .debug_ranges  0x000000a8       0x30 ./Generated_Code/Cpu.o
 .debug_ranges  0x000000d8       0x10 ./Generated_Code/ExtInt1.o
 .debug_ranges  0x000000e8       0x28 ./Generated_Code/ExtIntLdd1.o
 .debug_ranges  0x00000110       0x20 ./Generated_Code/PE_LDD.o
 .debug_ranges  0x00000130       0x10 ./Generated_Code/TI1.o
 .debug_ranges  0x00000140       0x28 ./Generated_Code/TU1.o
 .debug_ranges  0x00000168       0x30 ./Generated_Code/TimerIntLdd1.o

.debug_macro    0x00000000    0x27e8e
 .debug_macro   0x00000000      0x147 ./Sources/Events.o
 .debug_macro   0x00000147      0x84a ./Sources/Events.o
 .debug_macro   0x00000991       0x16 ./Sources/Events.o
 .debug_macro   0x000009a7       0x44 ./Sources/Events.o
 .debug_macro   0x000009eb      0x209 ./Sources/Events.o
 .debug_macro   0x00000bf4     0x1808 ./Sources/Events.o
 .debug_macro   0x000023fc      0x14e ./Sources/Events.o
 .debug_macro   0x0000254a       0x6a ./Sources/Events.o
 .debug_macro   0x000025b4    0x116a7 ./Sources/Events.o
 .debug_macro   0x00013c5b       0x94 ./Sources/Events.o
 .debug_macro   0x00013cef       0x94 ./Sources/Events.o
 .debug_macro   0x00013d83      0x12c ./Sources/Events.o
 .debug_macro   0x00013eaf       0x46 ./Sources/Events.o
 .debug_macro   0x00013ef5       0x26 ./Sources/Events.o
 .debug_macro   0x00013f1b      0x6a6 ./Sources/Events.o
 .debug_macro   0x000145c1       0x5a ./Sources/Events.o
 .debug_macro   0x0001461b       0x2f ./Sources/Events.o
 .debug_macro   0x0001464a       0x11 ./Sources/Events.o
 .debug_macro   0x0001465b      0x4ea ./Sources/Events.o
 .debug_macro   0x00014b45       0x34 ./Sources/Events.o
 .debug_macro   0x00014b79      0x147 ./Sources/main.o
 .debug_macro   0x00014cc0      0x121 ./Project_Settings/Startup_Code/startup.o
 .debug_macro   0x00014de1       0x58 ./Project_Settings/Startup_Code/startup.o
 .debug_macro   0x00014e39       0x35 ./Project_Settings/Startup_Code/startup.o
 .debug_macro   0x00014e6e       0xa3 ./Project_Settings/Startup_Code/startup.o
 .debug_macro   0x00014f11      0x166 ./Project_Settings/Startup_Code/startup.o
 .debug_macro   0x00015077       0x4a ./Project_Settings/Startup_Code/startup.o
 .debug_macro   0x000150c1       0x52 ./Project_Settings/Startup_Code/startup.o
 .debug_macro   0x00015113       0x16 ./Project_Settings/Startup_Code/startup.o
 .debug_macro   0x00015129       0x43 ./Project_Settings/Startup_Code/startup.o
 .debug_macro   0x0001516c      0x180 ./Project_Settings/Startup_Code/startup.o
 .debug_macro   0x000152ec      0x2a6 ./Project_Settings/Startup_Code/startup.o
 .debug_macro   0x00015592       0x10 ./Project_Settings/Startup_Code/startup.o
 .debug_macro   0x000155a2       0x35 ./Project_Settings/Startup_Code/startup.o
 .debug_macro   0x000155d7       0x16 ./Project_Settings/Startup_Code/startup.o
 .debug_macro   0x000155ed       0x22 ./Project_Settings/Startup_Code/startup.o
 .debug_macro   0x0001560f       0x10 ./Project_Settings/Startup_Code/startup.o
 .debug_macro   0x0001561f      0x20f ./Project_Settings/Startup_Code/startup.o
 .debug_macro   0x0001582e    0x1169b ./Project_Settings/Startup_Code/startup.o
 .debug_macro   0x00026ec9       0xa6 ./Generated_Code/BitIoLdd1.o
 .debug_macro   0x00026f6f      0x14d ./Generated_Code/Cpu.o
 .debug_macro   0x000270bc      0x141 ./Generated_Code/ExtInt1.o
 .debug_macro   0x000271fd       0xbf ./Generated_Code/ExtIntLdd1.o
 .debug_macro   0x000272bc      0x11d ./Generated_Code/PE_LDD.o
 .debug_macro   0x000273d9      0x141 ./Generated_Code/TI1.o
 .debug_macro   0x0002751a       0xbb ./Generated_Code/TU1.o
 .debug_macro   0x000275d5      0x6a0 ./Generated_Code/TU1.o
 .debug_macro   0x00027c75       0xca ./Generated_Code/TimerIntLdd1.o
 .debug_macro   0x00027d3f      0x14f ./Generated_Code/Vectors.o

.debug_line     0x00000000     0x240d
 .debug_line    0x00000000      0x2ed ./Sources/Events.o
 .debug_line    0x000002ed      0x2cb ./Sources/main.o
 .debug_line    0x000005b8      0x387 ./Project_Settings/Startup_Code/startup.o
 .debug_line    0x0000093f      0x292 ./Generated_Code/BitIoLdd1.o
 .debug_line    0x00000bd1      0x3fe ./Generated_Code/Cpu.o
 .debug_line    0x00000fcf      0x307 ./Generated_Code/ExtInt1.o
 .debug_line    0x000012d6      0x29e ./Generated_Code/ExtIntLdd1.o
 .debug_line    0x00001574      0x2d0 ./Generated_Code/PE_LDD.o
 .debug_line    0x00001844      0x2ff ./Generated_Code/TI1.o
 .debug_line    0x00001b43      0x297 ./Generated_Code/TU1.o
 .debug_line    0x00001dda      0x2bb ./Generated_Code/TimerIntLdd1.o
 .debug_line    0x00002095      0x378 ./Generated_Code/Vectors.o

.debug_str      0x00000000    0x7ac18
 .debug_str     0x00000000    0x77b7f ./Sources/Events.o
                              0x77cd2 (size before relaxing)
 .debug_str     0x00077b7f       0x17 ./Sources/main.o
                              0x77c53 (size before relaxing)
 .debug_str     0x00077b96     0x25f6 ./Project_Settings/Startup_Code/startup.o
                              0x652a7 (size before relaxing)
 .debug_str     0x0007a18c      0x1a8 ./Generated_Code/BitIoLdd1.o
                              0x6b657 (size before relaxing)
 .debug_str     0x0007a334      0x37f ./Generated_Code/Cpu.o
                              0x7808f (size before relaxing)
 .debug_str     0x0007a6b3       0x33 ./Generated_Code/ExtInt1.o
                              0x77c89 (size before relaxing)
 .debug_str     0x0007a6e6       0xcd ./Generated_Code/ExtIntLdd1.o
                              0x6ebb3 (size before relaxing)
 .debug_str     0x0007a7b3      0x17e ./Generated_Code/PE_LDD.o
                              0x77e12 (size before relaxing)
 .debug_str     0x0007a931       0x31 ./Generated_Code/TI1.o
                              0x77c87 (size before relaxing)
 .debug_str     0x0007a962      0x197 ./Generated_Code/TU1.o
                              0x73db4 (size before relaxing)
 .debug_str     0x0007aaf9      0x103 ./Generated_Code/TimerIntLdd1.o
                              0x73c71 (size before relaxing)
 .debug_str     0x0007abfc       0x1c ./Generated_Code/Vectors.o
                              0x77ca5 (size before relaxing)

.comment        0x00000000       0x70
 .comment       0x00000000       0x70 ./Sources/Events.o
                                 0x71 (size before relaxing)
 .comment       0x00000000       0x71 ./Sources/main.o
 .comment       0x00000000       0x71 ./Project_Settings/Startup_Code/startup.o
 .comment       0x00000000       0x71 ./Generated_Code/BitIoLdd1.o
 .comment       0x00000000       0x71 ./Generated_Code/Cpu.o
 .comment       0x00000000       0x71 ./Generated_Code/ExtInt1.o
 .comment       0x00000000       0x71 ./Generated_Code/ExtIntLdd1.o
 .comment       0x00000000       0x71 ./Generated_Code/PE_LDD.o
 .comment       0x00000000       0x71 ./Generated_Code/TI1.o
 .comment       0x00000000       0x71 ./Generated_Code/TU1.o
 .comment       0x00000000       0x71 ./Generated_Code/TimerIntLdd1.o
 .comment       0x00000000       0x71 ./Generated_Code/Vectors.o

.debug_frame    0x00000000      0x5c0
 .debug_frame   0x00000000       0x64 ./Sources/Events.o
 .debug_frame   0x00000064       0x2c ./Sources/main.o
 .debug_frame   0x00000090       0xc0 ./Project_Settings/Startup_Code/startup.o
 .debug_frame   0x00000150       0xb8 ./Generated_Code/BitIoLdd1.o
 .debug_frame   0x00000208       0xa4 ./Generated_Code/Cpu.o
 .debug_frame   0x000002ac       0x30 ./Generated_Code/ExtInt1.o
 .debug_frame   0x000002dc       0x88 ./Generated_Code/ExtIntLdd1.o
 .debug_frame   0x00000364       0x64 ./Generated_Code/PE_LDD.o
 .debug_frame   0x000003c8       0x30 ./Generated_Code/TI1.o
 .debug_frame   0x000003f8       0x88 ./Generated_Code/TU1.o
 .debug_frame   0x00000480       0xac ./Generated_Code/TimerIntLdd1.o
 .debug_frame   0x0000052c       0x28 d:/kinetis/toolchain/bin/../lib/gcc/arm-none-eabi/4.8.4/../../../../arm-none-eabi/lib/armv7e-m\libg_s.a(lib_a-exit.o)
 .debug_frame   0x00000554       0x2c d:/kinetis/toolchain/bin/../lib/gcc/arm-none-eabi/4.8.4/../../../../arm-none-eabi/lib/armv7e-m\libg_s.a(lib_a-init.o)
 .debug_frame   0x00000580       0x20 d:/kinetis/toolchain/bin/../lib/gcc/arm-none-eabi/4.8.4/../../../../arm-none-eabi/lib/armv7e-m\libg_s.a(lib_a-memset.o)
 .debug_frame   0x000005a0       0x20 d:/kinetis/toolchain/bin/../lib/gcc/arm-none-eabi/4.8.4/../../../../arm-none-eabi/lib/armv7e-m\libnosys.a(_exit.o)
