Archive member included because of file (symbol)

d:/kinetis/toolchain/bin/../lib/gcc/arm-none-eabi/4.8.4/armv7e-m\libgcc.a(_arm_addsubsf3.o)
                              ./Generated_Code/UTIL1.o (__aeabi_fsub)
d:/kinetis/toolchain/bin/../lib/gcc/arm-none-eabi/4.8.4/armv7e-m\libgcc.a(_arm_muldivsf3.o)
                              ./Generated_Code/UTIL1.o (__aeabi_fmul)
d:/kinetis/toolchain/bin/../lib/gcc/arm-none-eabi/4.8.4/armv7e-m\libgcc.a(_arm_cmpsf2.o)
                              ./Generated_Code/UTIL1.o (__aeabi_fcmplt)
d:/kinetis/toolchain/bin/../lib/gcc/arm-none-eabi/4.8.4/armv7e-m\libgcc.a(_arm_fixsfsi.o)
                              ./Generated_Code/UTIL1.o (__aeabi_f2iz)
d:/kinetis/toolchain/bin/../lib/gcc/arm-none-eabi/4.8.4/armv7e-m\libgcc.a(_arm_fixunssfsi.o)
                              ./Generated_Code/UTIL1.o (__aeabi_f2uiz)
d:/kinetis/toolchain/bin/../lib/gcc/arm-none-eabi/4.8.4/armv7e-m\libgcc.a(_aeabi_ldivmod.o)
                              ./Generated_Code/UTIL1.o (__aeabi_ldivmod)
d:/kinetis/toolchain/bin/../lib/gcc/arm-none-eabi/4.8.4/armv7e-m\libgcc.a(bpabi.o)
                              d:/kinetis/toolchain/bin/../lib/gcc/arm-none-eabi/4.8.4/armv7e-m\libgcc.a(_aeabi_ldivmod.o) (__gnu_ldivmod_helper)
d:/kinetis/toolchain/bin/../lib/gcc/arm-none-eabi/4.8.4/armv7e-m\libgcc.a(_dvmd_tls.o)
                              d:/kinetis/toolchain/bin/../lib/gcc/arm-none-eabi/4.8.4/armv7e-m\libgcc.a(_aeabi_ldivmod.o) (__aeabi_ldiv0)
d:/kinetis/toolchain/bin/../lib/gcc/arm-none-eabi/4.8.4/armv7e-m\libgcc.a(_divdi3.o)
                              d:/kinetis/toolchain/bin/../lib/gcc/arm-none-eabi/4.8.4/armv7e-m\libgcc.a(bpabi.o) (__divdi3)
d:/kinetis/toolchain/bin/../lib/gcc/arm-none-eabi/4.8.4/armv7e-m\libgcc.a(_udivdi3.o)
                              d:/kinetis/toolchain/bin/../lib/gcc/arm-none-eabi/4.8.4/armv7e-m\libgcc.a(bpabi.o) (__udivdi3)
d:/kinetis/toolchain/bin/../lib/gcc/arm-none-eabi/4.8.4/../../../../arm-none-eabi/lib/armv7e-m\libg_s.a(lib_a-exit.o)
                              d:/kinetis/toolchain/bin/../lib/gcc/arm-none-eabi/4.8.4/../../../../arm-none-eabi/lib/armv7e-m/crt0.o (exit)
d:/kinetis/toolchain/bin/../lib/gcc/arm-none-eabi/4.8.4/../../../../arm-none-eabi/lib/armv7e-m\libg_s.a(lib_a-impure.o)
                              d:/kinetis/toolchain/bin/../lib/gcc/arm-none-eabi/4.8.4/../../../../arm-none-eabi/lib/armv7e-m\libg_s.a(lib_a-exit.o) (_global_impure_ptr)
d:/kinetis/toolchain/bin/../lib/gcc/arm-none-eabi/4.8.4/../../../../arm-none-eabi/lib/armv7e-m\libg_s.a(lib_a-init.o)
                              d:/kinetis/toolchain/bin/../lib/gcc/arm-none-eabi/4.8.4/../../../../arm-none-eabi/lib/armv7e-m/crt0.o (__libc_init_array)
d:/kinetis/toolchain/bin/../lib/gcc/arm-none-eabi/4.8.4/../../../../arm-none-eabi/lib/armv7e-m\libg_s.a(lib_a-memcpy-stub.o)
                              ./Generated_Code/queue.o (memcpy)
d:/kinetis/toolchain/bin/../lib/gcc/arm-none-eabi/4.8.4/../../../../arm-none-eabi/lib/armv7e-m\libg_s.a(lib_a-memset.o)
                              d:/kinetis/toolchain/bin/../lib/gcc/arm-none-eabi/4.8.4/../../../../arm-none-eabi/lib/armv7e-m/crt0.o (memset)
d:/kinetis/toolchain/bin/../lib/gcc/arm-none-eabi/4.8.4/../../../../arm-none-eabi/lib/armv7e-m\libg_s.a(lib_a-rand.o)
                              ./Generated_Code/UTIL1.o (srand)
d:/kinetis/toolchain/bin/../lib/gcc/arm-none-eabi/4.8.4/../../../../arm-none-eabi/lib/armv7e-m\libg_s.a(lib_a-strchr.o)
                              ./Generated_Code/UTIL1.o (strchr)
d:/kinetis/toolchain/bin/../lib/gcc/arm-none-eabi/4.8.4/../../../../arm-none-eabi/lib/armv7e-m\libg_s.a(lib_a-strlen.o)
                              ./Generated_Code/UTIL1.o (strlen)
d:/kinetis/toolchain/bin/../lib/gcc/arm-none-eabi/4.8.4/../../../../arm-none-eabi/lib/armv7e-m\libg_s.a(lib_a-strncmp.o)
                              ./Generated_Code/UTIL1.o (strncmp)
d:/kinetis/toolchain/bin/../lib/gcc/arm-none-eabi/4.8.4/../../../../arm-none-eabi/lib/armv7e-m\libg_s.a(lib_a-malloc.o)
                              d:/kinetis/toolchain/bin/../lib/gcc/arm-none-eabi/4.8.4/../../../../arm-none-eabi/lib/armv7e-m\libg_s.a(lib_a-rand.o) (malloc)
d:/kinetis/toolchain/bin/../lib/gcc/arm-none-eabi/4.8.4/../../../../arm-none-eabi/lib/armv7e-m\libg_s.a(lib_a-nano-freer.o)
                              d:/kinetis/toolchain/bin/../lib/gcc/arm-none-eabi/4.8.4/../../../../arm-none-eabi/lib/armv7e-m\libg_s.a(lib_a-malloc.o) (_free_r)
d:/kinetis/toolchain/bin/../lib/gcc/arm-none-eabi/4.8.4/../../../../arm-none-eabi/lib/armv7e-m\libg_s.a(lib_a-nano-mallocr.o)
                              d:/kinetis/toolchain/bin/../lib/gcc/arm-none-eabi/4.8.4/../../../../arm-none-eabi/lib/armv7e-m\libg_s.a(lib_a-malloc.o) (_malloc_r)
d:/kinetis/toolchain/bin/../lib/gcc/arm-none-eabi/4.8.4/../../../../arm-none-eabi/lib/armv7e-m\libg_s.a(lib_a-sbrkr.o)
[...]
Memory Configuration

Name             Origin             Length             Attributes
m_interrupts     0x00000000         0x000001e0         xr
m_text           0x00000410         0x0007fbf0         xr
m_data           0x1fff0000         0x00010000         rw
m_data_20000000  0x20000000         0x00010000         rw
m_cfmprotrom     0x00000400         0x00000010         xr
*default*        0x00000000         0xffffffff

Linker script and memory map

LOAD d:/kinetis/toolchain/bin/../lib/gcc/arm-none-eabi/4.8.4/armv7e-m/crti.o
LOAD d:/kinetis/toolchain/bin/../lib/gcc/arm-none-eabi/4.8.4/armv7e-m/crtbegin.o
LOAD d:/kinetis/toolchain/bin/../lib/gcc/arm-none-eabi/4.8.4/../../../../arm-none-eabi/lib/armv7e-m/crt0.o
LOAD ./Sources/Events.o
LOAD ./Sources/main.o
LOAD ./Project_Settings/Startup_Code/startup.o
LOAD ./Generated_Code/BitIoLdd1.o
LOAD ./Generated_Code/Cpu.o
LOAD ./Generated_Code/EInt1.o
LOAD ./Generated_Code/ExtIntLdd1.o
LOAD ./Generated_Code/FRTOS1.o
LOAD ./Generated_Code/KSDK1.o
LOAD ./Generated_Code/LED0.o
LOAD ./Generated_Code/MCUC1.o
LOAD ./Generated_Code/PE_LDD.o
LOAD ./Generated_Code/UTIL1.o
LOAD ./Generated_Code/Vectors.o
LOAD ./Generated_Code/croutine.o
LOAD ./Generated_Code/event_groups.o
LOAD ./Generated_Code/heap_1.o
LOAD ./Generated_Code/heap_2.o
LOAD ./Generated_Code/heap_3.o
LOAD ./Generated_Code/heap_4.o
LOAD ./Generated_Code/heap_5.o
LOAD ./Generated_Code/heap_useNewlib.o
LOAD ./Generated_Code/list.o
LOAD ./Generated_Code/mpu_wrappers.o
LOAD ./Generated_Code/port.o
LOAD ./Generated_Code/queue.o
LOAD ./Generated_Code/stream_buffer.o
LOAD ./Generated_Code/tasks.o
LOAD ./Generated_Code/timers.o
LOAD d:/kinetis/toolchain/bin/../lib/gcc/arm-none-eabi/4.8.4/../../../../arm-none-eabi/lib/armv7e-m\libstdc++_s.a
LOAD d:/kinetis/toolchain/bin/../lib/gcc/arm-none-eabi/4.8.4/../../../../arm-none-eabi/lib/armv7e-m\libm.a
START GROUP
LOAD d:/kinetis/toolchain/bin/../lib/gcc/arm-none-eabi/4.8.4/armv7e-m\libgcc.a
LOAD d:/kinetis/toolchain/bin/../lib/gcc/arm-none-eabi/4.8.4/../../../../arm-none-eabi/lib/armv7e-m\libg_s.a
LOAD d:/kinetis/toolchain/bin/../lib/gcc/arm-none-eabi/4.8.4/../../../../arm-none-eabi/lib/armv7e-m\libc_s.a
END GROUP
START GROUP
LOAD d:/kinetis/toolchain/bin/../lib/gcc/arm-none-eabi/4.8.4/armv7e-m\libgcc.a
LOAD d:/kinetis/toolchain/bin/../lib/gcc/arm-none-eabi/4.8.4/../../../../arm-none-eabi/lib/armv7e-m\libc_s.a
LOAD d:/kinetis/toolchain/bin/../lib/gcc/arm-none-eabi/4.8.4/../../../../arm-none-eabi/lib/armv7e-m\libnosys.a
END GROUP
START GROUP
LOAD d:/kinetis/toolchain/bin/../lib/gcc/arm-none-eabi/4.8.4/armv7e-m\libgcc.a
LOAD d:/kinetis/toolchain/bin/../lib/gcc/arm-none-eabi/4.8.4/../../../../arm-none-eabi/lib/armv7e-m\libc_s.a
LOAD d:/kinetis/toolchain/bin/../lib/gcc/arm-none-eabi/4.8.4/../../../../arm-none-eabi/lib/armv7e-m\libnosys.a
END GROUP
LOAD d:/kinetis/toolchain/bin/../lib/gcc/arm-none-eabi/4.8.4/armv7e-m/crtend.o
LOAD d:/kinetis/toolchain/bin/../lib/gcc/arm-none-eabi/4.8.4/armv7e-m/crtn.o
                0x20000000                _estack = 0x20000000
                0x20000000                __SP_INIT = _estack
                0x20000000                __stack = _estack
                0x00000000                __heap_size = 0x0
                0x00000400                __stack_size = 0x400

.interrupts     0x00000000      0x1e0
                0x00000000                __vector_table = .
                0x00000000                . = ALIGN (0x4)
 *(.vectortable)
 .vectortable   0x00000000      0x1e0 ./Generated_Code/Vectors.o
                0x00000000                __vect_table
                0x000001e0                . = ALIGN (0x4)

.cfmprotect     0x00000400       0x10
                0x00000400                . = ALIGN (0x4)
 *(.cfmconfig)
 .cfmconfig     0x00000400       0x10 ./Generated_Code/Cpu.o
                0x00000400                _cfm
                0x00000410                . = ALIGN (0x4)

.text           0x00000410     0x1cc4
                0x00000410                . = ALIGN (0x4)
 *(.text)
 .text          0x00000410       0x54 d:/kinetis/toolchain/bin/../lib/gcc/arm-none-eabi/4.8.4/armv7e-m/crtbegin.o
 .text          0x00000464       0x74 d:/kinetis/toolchain/bin/../lib/gcc/arm-none-eabi/4.8.4/../../../../arm-none-eabi/lib/armv7e-m/crt0.o
                0x00000464                _start
                0x00000464                _mainCRTStartup
 *(.text*)
 .text.Cpu_OnNMIINT
                0x000004d8        0xc ./Sources/Events.o
                0x000004d8                Cpu_OnNMIINT
 .text.FRTOS1_vApplicationStackOverflowHook
                0x000004e4       0x18 ./Sources/Events.o
                0x000004e4                FRTOS1_vApplicationStackOverflowHook
 .text.FRTOS1_vApplicationTickHook
                0x000004fc        0xc ./Sources/Events.o
                0x000004fc                FRTOS1_vApplicationTickHook
 .text.FRTOS1_vApplicationIdleHook
                0x00000508        0xc ./Sources/Events.o
                0x00000508                FRTOS1_vApplicationIdleHook
 .text.FRTOS1_vApplicationMallocFailedHook
                0x00000514       0x10 ./Sources/Events.o
                0x00000514                FRTOS1_vApplicationMallocFailedHook
 .text.EInt1_OnInterrupt
                0x00000524       0x38 ./Sources/Events.o
                0x00000524                EInt1_OnInterrupt
 .text.LED0_blink
                0x0000055c       0x20 ./Sources/main.o
 .text.main     0x0000057c       0x38 ./Sources/main.o
                0x0000057c                main
 .text.__copy_rom_section
                0x000005b4       0xe4 ./Project_Settings/Startup_Code/startup.o
                0x000005b4                __copy_rom_section
 .text.__copy_rom_sections_to_ram
                0x00000698       0x9c ./Project_Settings/Startup_Code/startup.o
                0x00000698                __copy_rom_sections_to_ram
 .text.__init_registers
                0x00000734        0xc ./Project_Settings/Startup_Code/startup.o
                0x00000734                __init_registers
 .text.__init_user
                0x00000740        0xc ./Project_Settings/Startup_Code/startup.o
                0x00000740                __init_user
 .text.__thumb_startup
                0x0000074c       0x34 ./Project_Settings/Startup_Code/startup.o
                0x0000074c                __thumb_startup
 .text.BitIoLdd1_Init
                0x00000780       0x64 ./Generated_Code/BitIoLdd1.o
                0x00000780                BitIoLdd1_Init
 .text.BitIoLdd1_NegVal
                0x000007e4       0x1c ./Generated_Code/BitIoLdd1.o
                0x000007e4                BitIoLdd1_NegVal
 .text.Cpu_INT_NMIInterrupt
                0x00000800       0x1c ./Generated_Code/Cpu.o
                0x00000800                Cpu_INT_NMIInterrupt
 .text.Cpu_Interrupt
                0x0000081c       0x18 ./Generated_Code/Cpu.o
                0x0000081c                Cpu_Interrupt
 .text.__init_hardware
                0x00000834      0x11c ./Generated_Code/Cpu.o
                0x00000834                __init_hardware
 .text.PE_low_level_init
                0x00000950       0xf4 ./Generated_Code/Cpu.o
                0x00000950                PE_low_level_init
 .text.ExtIntLdd1_OnInterrupt
                0x00000a44       0x14 ./Generated_Code/EInt1.o
                0x00000a44                ExtIntLdd1_OnInterrupt
 .text.ExtIntLdd1_Init
                0x00000a58       0x7c ./Generated_Code/ExtIntLdd1.o
                0x00000a58                ExtIntLdd1_Init
 .text.ExtIntLdd1_Interrupt
                0x00000ad4       0x40 ./Generated_Code/ExtIntLdd1.o
                0x00000ad4                ExtIntLdd1_Interrupt
 .text.FRTOS1_Init
                0x00000b14        0xc ./Generated_Code/FRTOS1.o
                0x00000b14                FRTOS1_Init
 .text.MCUC1_Init
                0x00000b20        0xc ./Generated_Code/MCUC1.o
                0x00000b20                MCUC1_Init
 .text.UTIL1_Init
                0x00000b2c        0xc ./Generated_Code/UTIL1.o
                0x00000b2c                UTIL1_Init
 .text.pvPortMalloc
                0x00000b38      0x178 ./Generated_Code/heap_4.o
                0x00000b38                pvPortMalloc
 .text.vPortFree
                0x00000cb0       0xa0 ./Generated_Code/heap_4.o
                0x00000cb0                vPortFree
 .text.prvHeapInit
                0x00000d50       0xc8 ./Generated_Code/heap_4.o
 .text.prvInsertBlockIntoFreeList
                0x00000e18       0xb0 ./Generated_Code/heap_4.o
 .text.vListInitialise
                0x00000ec8       0x40 ./Generated_Code/list.o
                0x00000ec8                vListInitialise
 .text.vListInitialiseItem
                0x00000f08       0x18 ./Generated_Code/list.o
                0x00000f08                vListInitialiseItem
 .text.vListInsertEnd
                0x00000f20       0x48 ./Generated_Code/list.o
                0x00000f20                vListInsertEnd
 .text.vListInsert
                0x00000f68       0x70 ./Generated_Code/list.o
                0x00000f68                vListInsert
 .text.uxListRemove
                0x00000fd8       0x54 ./Generated_Code/list.o
                0x00000fd8                uxListRemove
 .text.pxPortInitialiseStack
                0x0000102c       0x54 ./Generated_Code/port.o
                0x0000102c                pxPortInitialiseStack
 .text.vPortInitTickTimer
                0x00001080       0x44 ./Generated_Code/port.o
 .text.vPortStartTickTimer
                0x000010c4       0x18 ./Generated_Code/port.o
 .text.vPortStopTickTimer
                0x000010dc       0x18 ./Generated_Code/port.o
                0x000010dc                vPortStopTickTimer
 .text.xPortStartScheduler
                0x000010f4       0xb0 ./Generated_Code/port.o
                0x000010f4                xPortStartScheduler
 .text.vPortEnterCritical
                0x000011a4       0x4c ./Generated_Code/port.o
                0x000011a4                vPortEnterCritical
 .text.vPortExitCritical
                0x000011f0       0x2c ./Generated_Code/port.o
                0x000011f0                vPortExitCritical
 .text.vPortYieldFromISR
                0x0000121c       0x20 ./Generated_Code/port.o
                0x0000121c                vPortYieldFromISR
 .text.vPortTickHandler
                0x0000123c       0x24 ./Generated_Code/port.o
                0x0000123c                vPortTickHandler
 .text.vPortStartFirstTask
                0x00001260       0x4c ./Generated_Code/port.o
                0x00001260                vPortStartFirstTask
 .text.vPortSVCHandler
                0x000012ac       0x20 ./Generated_Code/port.o
                0x000012ac                vPortSVCHandler
 .text.vPortPendSVHandler
                0x000012cc       0x3c ./Generated_Code/port.o
                0x000012cc                vPortPendSVHandler
 .text.vPortValidateInterruptPriority
                0x00001308       0x64 ./Generated_Code/port.o
                0x00001308                vPortValidateInterruptPriority
 .text.xTaskCreate
                0x0000136c       0x84 ./Generated_Code/tasks.o
                0x0000136c                xTaskCreate
 .text.prvInitialiseNewTask
                0x000013f0      0x114 ./Generated_Code/tasks.o
 .text.prvAddNewTaskToReadyList
                0x00001504       0xc4 ./Generated_Code/tasks.o
 .text.vTaskDelay
                0x000015c8       0x4c ./Generated_Code/tasks.o
                0x000015c8                vTaskDelay
 .text.eTaskGetState
                0x00001614       0xa8 ./Generated_Code/tasks.o
                0x00001614                eTaskGetState
 .text.vTaskSuspend
                0x000016bc      0x108 ./Generated_Code/tasks.o
                0x000016bc                vTaskSuspend
 .text.prvTaskIsTaskSuspended
                0x000017c4       0x58 ./Generated_Code/tasks.o
 .text.xTaskResumeFromISR
                0x0000181c       0xc4 ./Generated_Code/tasks.o
                0x0000181c                xTaskResumeFromISR
 .text.vTaskStartScheduler
                0x000018e0       0x74 ./Generated_Code/tasks.o
                0x000018e0                vTaskStartScheduler
 .text.vTaskSuspendAll
                0x00001954       0x1c ./Generated_Code/tasks.o
                0x00001954                vTaskSuspendAll
 .text.xTaskResumeAll
                0x00001970      0x11c ./Generated_Code/tasks.o
                0x00001970                xTaskResumeAll
 .text.prvSearchForNameWithinSingleList
                0x00001a8c       0xe0 ./Generated_Code/tasks.o
 .text.xTaskGetHandle
                0x00001b6c       0xa8 ./Generated_Code/tasks.o
                0x00001b6c                xTaskGetHandle
 .text.xTaskIncrementTick
                0x00001c14      0x174 ./Generated_Code/tasks.o
                0x00001c14                xTaskIncrementTick
 .text.vTaskSwitchContext
                0x00001d88       0xc8 ./Generated_Code/tasks.o
                0x00001d88                vTaskSwitchContext
 .text.prvIdleTask
                0x00001e50       0x24 ./Generated_Code/tasks.o
 .text.prvInitialiseTaskLists
                0x00001e74       0x74 ./Generated_Code/tasks.o
 .text.prvCheckTasksWaitingTermination
                0x00001ee8        0xc ./Generated_Code/tasks.o
 .text.prvResetNextTaskUnblockTime
                0x00001ef4       0x40 ./Generated_Code/tasks.o
 .text.prvAddCurrentTaskToDelayedList
                0x00001f34       0xc8 ./Generated_Code/tasks.o
 .text.exit     0x00001ffc       0x28 d:/kinetis/toolchain/bin/../lib/gcc/arm-none-eabi/4.8.4/../../../../arm-none-eabi/lib/armv7e-m\libg_s.a(lib_a-exit.o)
                0x00001ffc                exit
 .text.__libc_init_array
                0x00002024       0x4c d:/kinetis/toolchain/bin/../lib/gcc/arm-none-eabi/4.8.4/../../../../arm-none-eabi/lib/armv7e-m\libg_s.a(lib_a-init.o)
                0x00002024                __libc_init_array
 .text.memset   0x00002070       0x10 d:/kinetis/toolchain/bin/../lib/gcc/arm-none-eabi/4.8.4/../../../../arm-none-eabi/lib/armv7e-m\libg_s.a(lib_a-memset.o)
                0x00002070                memset
 .text.strlen   0x00002080       0x10 d:/kinetis/toolchain/bin/../lib/gcc/arm-none-eabi/4.8.4/../../../../arm-none-eabi/lib/armv7e-m\libg_s.a(lib_a-strlen.o)
                0x00002080                strlen
 .text._exit    0x00002090        0x4 d:/kinetis/toolchain/bin/../lib/gcc/arm-none-eabi/4.8.4/../../../../arm-none-eabi/lib/armv7e-m\libnosys.a(_exit.o)
                0x00002090                _exit
 *(.rodata)
 .rodata        0x00002094        0xc ./Sources/Events.o
 .rodata        0x000020a0        0xc ./Sources/main.o
 .rodata        0x000020ac        0x8 ./Generated_Code/tasks.o
 *(.rodata*)
 .rodata.freeRTOSMemoryScheme
                0x000020b4        0x1 ./Generated_Code/FRTOS1.o
                0x000020b4                freeRTOSMemoryScheme
 .rodata.str1.1
                0x000020b5        0x2 d:/kinetis/toolchain/bin/../lib/gcc/arm-none-eabi/4.8.4/../../../../arm-none-eabi/lib/armv7e-m\libg_s.a(lib_a-impure.o)
 *fill*         0x000020b7        0x1 
 .rodata._global_impure_ptr
                0x000020b8        0x4 d:/kinetis/toolchain/bin/../lib/gcc/arm-none-eabi/4.8.4/../../../../arm-none-eabi/lib/armv7e-m\libg_s.a(lib_a-impure.o)
                0x000020b8                _global_impure_ptr
 *(.glue_7)
 .glue_7        0x00000000        0x0 linker stubs
 *(.glue_7t)
 .glue_7t       0x00000000        0x0 linker stubs
 *(.eh_frame)
 .eh_frame      0x000020bc        0x0 d:/kinetis/toolchain/bin/../lib/gcc/arm-none-eabi/4.8.4/armv7e-m/crtbegin.o
 *(.init)
 .init          0x000020bc        0x4 d:/kinetis/toolchain/bin/../lib/gcc/arm-none-eabi/4.8.4/armv7e-m/crti.o
                0x000020bc                _init
 .init          0x000020c0        0x8 d:/kinetis/toolchain/bin/../lib/gcc/arm-none-eabi/4.8.4/armv7e-m/crtn.o
 *(.fini)
 .fini          0x000020c8        0x4 d:/kinetis/toolchain/bin/../lib/gcc/arm-none-eabi/4.8.4/armv7e-m/crti.o
                0x000020c8                _fini
 .fini          0x000020cc        0x8 d:/kinetis/toolchain/bin/../lib/gcc/arm-none-eabi/4.8.4/armv7e-m/crtn.o
                0x000020d4                . = ALIGN (0x4)
                0x000020d4                _etext = .

.vfp11_veneer   0x000020d4        0x0
 .vfp11_veneer  0x00000000        0x0 linker stubs

.v4_bx          0x000020d4        0x0
 .v4_bx         0x00000000        0x0 linker stubs

.iplt           0x000020d4        0x0
 .iplt          0x00000000        0x0 d:/kinetis/toolchain/bin/../lib/gcc/arm-none-eabi/4.8.4/armv7e-m/crtbegin.o

.ARM.extab
 *(.ARM.extab* .gnu.linkonce.armextab.*)

.ARM            0x000020d4        0x8
                0x000020d4                __exidx_start = .
 *(.ARM.exidx*)
 .ARM.exidx     0x000020d4        0x8 d:/kinetis/toolchain/bin/../lib/gcc/arm-none-eabi/4.8.4/../../../../arm-none-eabi/lib/armv7e-m/crt0.o
                0x000020dc                __exidx_end = .

.rel.dyn        0x000020dc        0x0
 .rel.iplt      0x00000000        0x0 d:/kinetis/toolchain/bin/../lib/gcc/arm-none-eabi/4.8.4/armv7e-m/crtbegin.o

.ctors          0x000020dc        0x0
                0x000020dc                __CTOR_LIST__ = .
 *crtbegin.o(.ctors)
 *(EXCLUDE_FILE(*crtend.o) .ctors)
 *(SORT(.ctors.*))
 *(.ctors)
                0x000020dc                __CTOR_END__ = .

.dtors          0x000020dc        0x0
                0x000020dc                __DTOR_LIST__ = .
 *crtbegin.o(.dtors)
 *(EXCLUDE_FILE(*crtend.o) .dtors)
 *(SORT(.dtors.*))
 *(.dtors)
                0x000020dc                __DTOR_END__ = .

.preinit_array  0x000020dc        0x0
                0x000020dc                PROVIDE (__preinit_array_start, .)
 *(.preinit_array*)
                0x000020dc                PROVIDE (__preinit_array_end, .)

.init_array     0x000020dc        0x4
                0x000020dc                PROVIDE (__init_array_start, .)
 *(SORT(.init_array.*))
 *(.init_array*)
 .init_array    0x000020dc        0x4 d:/kinetis/toolchain/bin/../lib/gcc/arm-none-eabi/4.8.4/armv7e-m/crtbegin.o
                0x000020e0                PROVIDE (__init_array_end, .)

.fini_array     0x000020e0        0x4
                0x000020e0                PROVIDE (__fini_array_start, .)
 *(SORT(.fini_array.*))
 *(.fini_array*)
 .fini_array    0x000020e0        0x4 d:/kinetis/toolchain/bin/../lib/gcc/arm-none-eabi/4.8.4/armv7e-m/crtbegin.o
                0x000020e4                PROVIDE (__fini_array_end, .)
                0x000020e4                ___ROM_AT = .

.data           0x1fff0000       0x6c load address 0x000020e4
                0x1fff0000                . = ALIGN (0x4)
                0x1fff0000                _sdata = .
 *(.data)
 *(.data*)
 .data.xHeapStructSize
                0x1fff0000        0x4 ./Generated_Code/heap_4.o
 .data.uxCriticalNesting
                0x1fff0004        0x4 ./Generated_Code/port.o
 .data.uxTopUsedPriority
                0x1fff0008        0x4 ./Generated_Code/port.o
                0x1fff0008                uxTopUsedPriority
 .data.impure_data
                0x1fff000c       0x60 d:/kinetis/toolchain/bin/../lib/gcc/arm-none-eabi/4.8.4/../../../../arm-none-eabi/lib/armv7e-m\libg_s.a(lib_a-impure.o)
                0x1fff006c                . = ALIGN (0x4)
                0x1fff006c                _edata = .
                0x0000006c                ___data_size = (_edata - _sdata)
                0x00002150                ___m_data_20000000_ROMStart = (___ROM_AT + SIZEOF (.data))

.jcr            0x1fff006c        0x0 load address 0x00002150
 .jcr           0x1fff006c        0x0 d:/kinetis/toolchain/bin/../lib/gcc/arm-none-eabi/4.8.4/armv7e-m/crtbegin.o

.igot.plt       0x1fff006c        0x0 load address 0x00002150
 .igot.plt      0x00000000        0x0 d:/kinetis/toolchain/bin/../lib/gcc/arm-none-eabi/4.8.4/armv7e-m/crtbegin.o

.m_data_20000000
                0x20000000        0x0 load address 0x00002150
                0x20000000                . = ALIGN (0x4)
                0x20000000                ___m_data_20000000_RAMStart = .
 *(.m_data_20000000)
                0x20000000                ___m_data_20000000_RAMEnd = .
                0x20000000                . = ALIGN (0x4)
                0x00000000                ___m_data_20000000_ROMSize = (___m_data_20000000_RAMEnd - ___m_data_20000000_RAMStart)
                0x20000000                . = ALIGN (0x4)

.bss            0x1fff006c     0x2150 load address 0x00002150
                0x1fff006c                __START_BSS = .
                0x1fff006c                PROVIDE (__bss_start__, __START_BSS)
 *(.bss)
 .bss           0x1fff006c       0x1c d:/kinetis/toolchain/bin/../lib/gcc/arm-none-eabi/4.8.4/armv7e-m/crtbegin.o
 *(.bss*)
 .bss.DeviceDataPrv__DEFAULT_RTOS_ALLOC
                0x1fff0088        0x4 ./Generated_Code/BitIoLdd1.o
 .bss.DeviceDataPrv__DEFAULT_RTOS_ALLOC
                0x1fff008c        0x4 ./Generated_Code/ExtIntLdd1.o
 .bss.INT_PORTE__BAREBOARD_RTOS_ISRPARAM
                0x1fff0090        0x4 ./Generated_Code/ExtIntLdd1.o
 .bss.PE_LDD_DeviceDataList
                0x1fff0094        0x8 ./Generated_Code/PE_LDD.o
                0x1fff0094                PE_LDD_DeviceDataList
 .bss.ucHeap    0x1fff009c     0x2000 ./Generated_Code/heap_4.o
 .bss.xStart    0x1fff209c        0x8 ./Generated_Code/heap_4.o
 .bss.pxEnd     0x1fff20a4        0x4 ./Generated_Code/heap_4.o
 .bss.xFreeBytesRemaining
                0x1fff20a8        0x4 ./Generated_Code/heap_4.o
 .bss.xMinimumEverFreeBytesRemaining
                0x1fff20ac        0x4 ./Generated_Code/heap_4.o
 .bss.xBlockAllocatedBit
                0x1fff20b0        0x4 ./Generated_Code/heap_4.o
 .bss.ucMaxSysCallPriority
                0x1fff20b4        0x1 ./Generated_Code/port.o
 *fill*         0x1fff20b5        0x3 
 .bss.ulMaxPRIGROUPValue
                0x1fff20b8        0x4 ./Generated_Code/port.o
 .bss.pxCurrentTCB
                0x1fff20bc        0x4 ./Generated_Code/tasks.o
                0x1fff20bc                pxCurrentTCB
 .bss.uxCurrentNumberOfTasks
                0x1fff20c0        0x4 ./Generated_Code/tasks.o
                0x1fff20c0                uxCurrentNumberOfTasks
 .bss.xTickCount
                0x1fff20c4        0x4 ./Generated_Code/tasks.o
 .bss.uxTopReadyPriority
                0x1fff20c8        0x4 ./Generated_Code/tasks.o
                0x1fff20c8                uxTopReadyPriority
 .bss.xSchedulerRunning
                0x1fff20cc        0x4 ./Generated_Code/tasks.o
                0x1fff20cc                xSchedulerRunning
 .bss.uxPendedTicks
                0x1fff20d0        0x4 ./Generated_Code/tasks.o
 .bss.xYieldPending
                0x1fff20d4        0x4 ./Generated_Code/tasks.o
 .bss.xNumOfOverflows
                0x1fff20d8        0x4 ./Generated_Code/tasks.o
 .bss.uxTaskNumber
                0x1fff20dc        0x4 ./Generated_Code/tasks.o
 .bss.xNextTaskUnblockTime
                0x1fff20e0        0x4 ./Generated_Code/tasks.o
 .bss.xIdleTaskHandle
                0x1fff20e4        0x4 ./Generated_Code/tasks.o
 .bss.uxSchedulerSuspended
                0x1fff20e8        0x4 ./Generated_Code/tasks.o
 *(COMMON)
 COMMON         0x1fff20ec       0xd0 ./Generated_Code/tasks.o
                0x1fff20ec                pxReadyTasksLists
                0x1fff2164                xPendingReadyList
                0x1fff2178                xSuspendedTaskList
                0x1fff218c                pxDelayedTaskList
                0x1fff2190                pxOverflowDelayedTaskList
                0x1fff2194                xDelayedTaskList1
                0x1fff21a8                xDelayedTaskList2
                0x1fff21bc                . = ALIGN (0x4)
                0x1fff21bc                __END_BSS = .
                0x1fff21bc                PROVIDE (__bss_end__, __END_BSS)
                0x00002150                _romp_at = ((___ROM_AT + SIZEOF (.data)) + SIZEOF (.m_data_20000000))

.romp           0x1fff21bc       0x24 load address 0x00002150
                0x00002150                __S_romp = _romp_at
                0x1fff21bc        0x4 LONG 0x20e4 ___ROM_AT
                0x1fff21c0        0x4 LONG 0x1fff0000 _sdata
                0x1fff21c4        0x4 LONG 0x6c ___data_size
                0x1fff21c8        0x4 LONG 0x2150 ___m_data_20000000_ROMStart
                0x1fff21cc        0x4 LONG 0x20000000 ___m_data_20000000_RAMStart
                0x1fff21d0        0x4 LONG 0x0 ___m_data_20000000_ROMSize
                0x1fff21d4        0x4 LONG 0x0
                0x1fff21d8        0x4 LONG 0x0
                0x1fff21dc        0x4 LONG 0x0
                0x00080000                text_end = (ORIGIN (m_text) + 0x7fbf0)
                0x00002174                data_init_end = ((___m_data_20000000_ROMStart + SIZEOF (.m_data_20000000)) + SIZEOF (.romp))
                0x00000001                ASSERT ((data_init_end <= text_end), region m_text overflowed with text and data)

._user_heap_stack
                0x1fff21e0      0x400 load address 0x00002174
                0x1fff21e0                . = ALIGN (0x4)
                0x1fff21e0                PROVIDE (end, .)
                0x1fff21e0                PROVIDE (_end, .)
                0x1fff21e0                PROVIDE (__end__, .)
                0x1fff21e0                __heap_addr = .
                0x1fff21e0                __HeapBase = .
                0x1fff21e0                . = (. + __heap_size)
                0x1fff21e0                __HeapLimit = .
                0x1fff25e0                . = (. + __stack_size)
 *fill*         0x1fff21e0      0x400 
                0x1fff25e0                . = ALIGN (0x4)

.ARM.attributes
                0x00000000       0x2a
 *(.ARM.attributes)
 .ARM.attributes
                0x00000000       0x1e d:/kinetis/toolchain/bin/../lib/gcc/arm-none-eabi/4.8.4/armv7e-m/crti.o
 .ARM.attributes
                0x0000001e       0x2e d:/kinetis/toolchain/bin/../lib/gcc/arm-none-eabi/4.8.4/armv7e-m/crtbegin.o
 .ARM.attributes
                0x0000004c       0x1c d:/kinetis/toolchain/bin/../lib/gcc/arm-none-eabi/4.8.4/../../../../arm-none-eabi/lib/armv7e-m/crt0.o
 .ARM.attributes
                0x00000068       0x33 ./Sources/Events.o
 .ARM.attributes
                0x0000009b       0x33 ./Sources/main.o
 .ARM.attributes
                0x000000ce       0x33 ./Project_Settings/Startup_Code/startup.o
 .ARM.attributes
                0x00000101       0x33 ./Generated_Code/BitIoLdd1.o
 .ARM.attributes
                0x00000134       0x33 ./Generated_Code/Cpu.o
 .ARM.attributes
                0x00000167       0x33 ./Generated_Code/EInt1.o
 .ARM.attributes
                0x0000019a       0x33 ./Generated_Code/ExtIntLdd1.o
 .ARM.attributes
                0x000001cd       0x33 ./Generated_Code/FRTOS1.o
 .ARM.attributes
                0x00000200       0x33 ./Generated_Code/MCUC1.o
 .ARM.attributes
                0x00000233       0x33 ./Generated_Code/PE_LDD.o
 .ARM.attributes
                0x00000266       0x33 ./Generated_Code/UTIL1.o
 .ARM.attributes
                0x00000299       0x33 ./Generated_Code/Vectors.o
 .ARM.attributes
                0x000002cc       0x33 ./Generated_Code/heap_4.o
 .ARM.attributes
                0x000002ff       0x33 ./Generated_Code/list.o
 .ARM.attributes
                0x00000332       0x33 ./Generated_Code/port.o
 .ARM.attributes
                0x00000365       0x33 ./Generated_Code/tasks.o
 .ARM.attributes
                0x00000398       0x2e d:/kinetis/toolchain/bin/../lib/gcc/arm-none-eabi/4.8.4/../../../../arm-none-eabi/lib/armv7e-m\libg_s.a(lib_a-exit.o)
 .ARM.attributes
                0x000003c6       0x2e d:/kinetis/toolchain/bin/../lib/gcc/arm-none-eabi/4.8.4/../../../../arm-none-eabi/lib/armv7e-m\libg_s.a(lib_a-impure.o)
 .ARM.attributes
                0x000003f4       0x2e d:/kinetis/toolchain/bin/../lib/gcc/arm-none-eabi/4.8.4/../../../../arm-none-eabi/lib/armv7e-m\libg_s.a(lib_a-init.o)
 .ARM.attributes
                0x00000422       0x2e d:/kinetis/toolchain/bin/../lib/gcc/arm-none-eabi/4.8.4/../../../../arm-none-eabi/lib/armv7e-m\libg_s.a(lib_a-memset.o)
 .ARM.attributes
                0x00000450       0x2e d:/kinetis/toolchain/bin/../lib/gcc/arm-none-eabi/4.8.4/../../../../arm-none-eabi/lib/armv7e-m\libg_s.a(lib_a-strlen.o)
 .ARM.attributes
                0x0000047e       0x2e d:/kinetis/toolchain/bin/../lib/gcc/arm-none-eabi/4.8.4/../../../../arm-none-eabi/lib/armv7e-m\libnosys.a(_exit.o)
 .ARM.attributes
                0x000004ac       0x1e d:/kinetis/toolchain/bin/../lib/gcc/arm-none-eabi/4.8.4/armv7e-m/crtn.o
OUTPUT(FreeRTOS.elf elf32-littlearm)

.debug_info     0x00000000     0x59cb
 .debug_info    0x00000000      0x1e6 ./Sources/Events.o
 .debug_info    0x000001e6      0x11a ./Sources/main.o
 .debug_info    0x00000300      0x20a ./Project_Settings/Startup_Code/startup.o
 .debug_info    0x0000050a      0x377 ./Generated_Code/BitIoLdd1.o
 .debug_info    0x00000881      0xb91 ./Generated_Code/Cpu.o
 .debug_info    0x00001412       0xb2 ./Generated_Code/EInt1.o
 .debug_info    0x000014c4      0x43c ./Generated_Code/ExtIntLdd1.o
 .debug_info    0x00001900      0x102 ./Generated_Code/FRTOS1.o
 .debug_info    0x00001a02       0xa7 ./Generated_Code/MCUC1.o
 .debug_info    0x00001aa9      0x251 ./Generated_Code/PE_LDD.o
 .debug_info    0x00001cfa     0x1b2a ./Generated_Code/UTIL1.o
 .debug_info    0x00003824      0x10f ./Generated_Code/Vectors.o
 .debug_info    0x00003933      0x318 ./Generated_Code/heap_4.o
 .debug_info    0x00003c4b      0x2b3 ./Generated_Code/list.o
 .debug_info    0x00003efe      0x392 ./Generated_Code/port.o
 .debug_info    0x00004290     0x173b ./Generated_Code/tasks.o

.debug_abbrev   0x00000000     0x11b2
 .debug_abbrev  0x00000000       0xca ./Sources/Events.o
 .debug_abbrev  0x000000ca       0xb5 ./Sources/main.o
 .debug_abbrev  0x0000017f      0x11e ./Project_Settings/Startup_Code/startup.o
 .debug_abbrev  0x0000029d      0x15f ./Generated_Code/BitIoLdd1.o
 .debug_abbrev  0x000003fc      0x185 ./Generated_Code/Cpu.o
 .debug_abbrev  0x00000581       0x68 ./Generated_Code/EInt1.o
 .debug_abbrev  0x000005e9      0x15d ./Generated_Code/ExtIntLdd1.o
 .debug_abbrev  0x00000746       0x9c ./Generated_Code/FRTOS1.o
 .debug_abbrev  0x000007e2       0x45 ./Generated_Code/MCUC1.o
 .debug_abbrev  0x00000827      0x10d ./Generated_Code/PE_LDD.o
 .debug_abbrev  0x00000934      0x1b4 ./Generated_Code/UTIL1.o
 .debug_abbrev  0x00000ae8       0xa4 ./Generated_Code/Vectors.o
 .debug_abbrev  0x00000b8c      0x17c ./Generated_Code/heap_4.o
 .debug_abbrev  0x00000d08       0xc8 ./Generated_Code/list.o
 .debug_abbrev  0x00000dd0      0x158 ./Generated_Code/port.o
 .debug_abbrev  0x00000f28      0x28a ./Generated_Code/tasks.o

.debug_aranges  0x00000000      0x7a0
 .debug_aranges
                0x00000000       0x58 ./Sources/Events.o
 .debug_aranges
                0x00000058       0x28 ./Sources/main.o
 .debug_aranges
                0x00000080       0x50 ./Project_Settings/Startup_Code/startup.o
 .debug_aranges
                0x000000d0       0x48 ./Generated_Code/BitIoLdd1.o
 .debug_aranges
                0x00000118       0x40 ./Generated_Code/Cpu.o
 .debug_aranges
                0x00000158       0x20 ./Generated_Code/EInt1.o
 .debug_aranges
                0x00000178       0x30 ./Generated_Code/ExtIntLdd1.o
 .debug_aranges
                0x000001a8       0x30 ./Generated_Code/FRTOS1.o
 .debug_aranges
                0x000001d8       0x28 ./Generated_Code/MCUC1.o
 .debug_aranges
                0x00000200       0x30 ./Generated_Code/PE_LDD.o
 .debug_aranges
                0x00000230      0x250 ./Generated_Code/UTIL1.o
 .debug_aranges
                0x00000480       0x18 ./Generated_Code/Vectors.o
 .debug_aranges
                0x00000498       0x58 ./Generated_Code/heap_4.o
 .debug_aranges
                0x000004f0       0x40 ./Generated_Code/list.o
 .debug_aranges
                0x00000530       0x98 ./Generated_Code/port.o
 .debug_aranges
                0x000005c8      0x1d8 ./Generated_Code/tasks.o

.debug_ranges   0x00000000      0x698
 .debug_ranges  0x00000000       0x48 ./Sources/Events.o
 .debug_ranges  0x00000048       0x18 ./Sources/main.o
 .debug_ranges  0x00000060       0x40 ./Project_Settings/Startup_Code/startup.o
 .debug_ranges  0x000000a0       0x38 ./Generated_Code/BitIoLdd1.o
 .debug_ranges  0x000000d8       0x30 ./Generated_Code/Cpu.o
 .debug_ranges  0x00000108       0x10 ./Generated_Code/EInt1.o
 .debug_ranges  0x00000118       0x20 ./Generated_Code/ExtIntLdd1.o
 .debug_ranges  0x00000138       0x20 ./Generated_Code/FRTOS1.o
 .debug_ranges  0x00000158       0x18 ./Generated_Code/MCUC1.o
 .debug_ranges  0x00000170       0x20 ./Generated_Code/PE_LDD.o
 .debug_ranges  0x00000190      0x240 ./Generated_Code/UTIL1.o
 .debug_ranges  0x000003d0       0x48 ./Generated_Code/heap_4.o
 .debug_ranges  0x00000418       0x30 ./Generated_Code/list.o
 .debug_ranges  0x00000448       0x88 ./Generated_Code/port.o
 .debug_ranges  0x000004d0      0x1c8 ./Generated_Code/tasks.o

.debug_macro    0x00000000    0x2adb8
 .debug_macro   0x00000000      0x2b4 ./Sources/Events.o
 .debug_macro   0x000002b4      0x84a ./Sources/Events.o
 .debug_macro   0x00000afe       0x16 ./Sources/Events.o
 .debug_macro   0x00000b14       0x44 ./Sources/Events.o
 .debug_macro   0x00000b58      0x209 ./Sources/Events.o
 .debug_macro   0x00000d61     0x17fa ./Sources/Events.o
 .debug_macro   0x0000255b      0x14e ./Sources/Events.o
 .debug_macro   0x000026a9       0x6a ./Sources/Events.o
 .debug_macro   0x00002713    0x116a7 ./Sources/Events.o
 .debug_macro   0x00013dba       0x94 ./Sources/Events.o
 .debug_macro   0x00013e4e       0xd5 ./Sources/Events.o
 .debug_macro   0x00013f23      0x12f ./Sources/Events.o
 .debug_macro   0x00014052      0x258 ./Sources/Events.o
 .debug_macro   0x000142aa      0x166 ./Sources/Events.o
 .debug_macro   0x00014410      0x15a ./Sources/Events.o
 .debug_macro   0x0001456a      0x134 ./Sources/Events.o
 .debug_macro   0x0001469e       0x1c ./Sources/Events.o
 .debug_macro   0x000146ba       0x26 ./Sources/Events.o
 .debug_macro   0x000146e0      0x376 ./Sources/Events.o
 .debug_macro   0x00014a56       0xb5 ./Sources/Events.o
 .debug_macro   0x00014b0b       0xaa ./Sources/Events.o
 .debug_macro   0x00014bb5       0x86 ./Sources/Events.o
 .debug_macro   0x00014c3b       0x7e ./Sources/Events.o
 .debug_macro   0x00014cb9       0x97 ./Sources/Events.o
 .debug_macro   0x00014d50       0x19 ./Sources/Events.o
 .debug_macro   0x00014d69      0x31b ./Sources/Events.o
 .debug_macro   0x00015084       0x58 ./Sources/Events.o
 .debug_macro   0x000150dc       0x35 ./Sources/Events.o
 .debug_macro   0x00015111       0xa3 ./Sources/Events.o
 .debug_macro   0x000151b4       0x52 ./Sources/Events.o
 .debug_macro   0x00015206       0x16 ./Sources/Events.o
 .debug_macro   0x0001521c       0x43 ./Sources/Events.o
 .debug_macro   0x0001525f      0x180 ./Sources/Events.o
 .debug_macro   0x000153df      0x2a6 ./Sources/Events.o
 .debug_macro   0x00015685       0x10 ./Sources/Events.o
 .debug_macro   0x00015695       0x35 ./Sources/Events.o
 .debug_macro   0x000156ca       0x19 ./Sources/Events.o
 .debug_macro   0x000156e3       0x22 ./Sources/Events.o
 .debug_macro   0x00015705       0x94 ./Sources/Events.o
 .debug_macro   0x00015799      0x12c ./Sources/Events.o
 .debug_macro   0x000158c5       0x46 ./Sources/Events.o
 .debug_macro   0x0001590b       0x26 ./Sources/Events.o
 .debug_macro   0x00015931      0x4ea ./Sources/Events.o
 .debug_macro   0x00015e1b       0x2e ./Sources/Events.o
 .debug_macro   0x00015e49      0x2b4 ./Sources/main.o
 .debug_macro   0x000160fd      0x121 ./Project_Settings/Startup_Code/startup.o
 .debug_macro   0x0001621e       0x4a ./Project_Settings/Startup_Code/startup.o
 .debug_macro   0x00016268       0x16 ./Project_Settings/Startup_Code/startup.o
 .debug_macro   0x0001627e       0x22 ./Project_Settings/Startup_Code/startup.o
 .debug_macro   0x000162a0       0x10 ./Project_Settings/Startup_Code/startup.o
 .debug_macro   0x000162b0      0x20f ./Project_Settings/Startup_Code/startup.o
 .debug_macro   0x000164bf    0x1169b ./Project_Settings/Startup_Code/startup.o
 .debug_macro   0x00027b5a      0x11d ./Generated_Code/BitIoLdd1.o
 .debug_macro   0x00027c77     0x17f4 ./Generated_Code/BitIoLdd1.o
 .debug_macro   0x0002946b       0x9a ./Generated_Code/BitIoLdd1.o
 .debug_macro   0x00029505      0x2c7 ./Generated_Code/Cpu.o
 .debug_macro   0x000297cc      0x2ae ./Generated_Code/EInt1.o
 .debug_macro   0x00029a7a      0x136 ./Generated_Code/ExtIntLdd1.o
 .debug_macro   0x00029bb0      0x229 ./Generated_Code/FRTOS1.o
 .debug_macro   0x00029dd9       0x1c ./Generated_Code/FRTOS1.o
 .debug_macro   0x00029df5       0x92 ./Generated_Code/MCUC1.o
 .debug_macro   0x00029e87      0x290 ./Generated_Code/PE_LDD.o
 .debug_macro   0x0002a117      0x1ac ./Generated_Code/UTIL1.o
 .debug_macro   0x0002a2c3      0x2c4 ./Generated_Code/Vectors.o
 .debug_macro   0x0002a587      0x1c4 ./Generated_Code/heap_4.o
 .debug_macro   0x0002a74b      0x191 ./Generated_Code/list.o
 .debug_macro   0x0002a8dc      0x253 ./Generated_Code/port.o
 .debug_macro   0x0002ab2f      0x279 ./Generated_Code/tasks.o
 .debug_macro   0x0002ada8       0x10 ./Generated_Code/tasks.o

.debug_line     0x00000000     0x554e
 .debug_line    0x00000000      0x51f ./Sources/Events.o
 .debug_line    0x0000051f      0x4bc ./Sources/main.o
 .debug_line    0x000009db      0x38f ./Project_Settings/Startup_Code/startup.o
 .debug_line    0x00000d6a      0x34f ./Generated_Code/BitIoLdd1.o
 .debug_line    0x000010b9      0x5d6 ./Generated_Code/Cpu.o
 .debug_line    0x0000168f      0x4d3 ./Generated_Code/EInt1.o
 .debug_line    0x00001b62      0x337 ./Generated_Code/ExtIntLdd1.o
 .debug_line    0x00001e99      0x3ed ./Generated_Code/FRTOS1.o
 .debug_line    0x00002286      0x1fd ./Generated_Code/MCUC1.o
 .debug_line    0x00002483      0x496 ./Generated_Code/PE_LDD.o
 .debug_line    0x00002919      0xd98 ./Generated_Code/UTIL1.o
 .debug_line    0x000036b1      0x54f ./Generated_Code/Vectors.o
 .debug_line    0x00003c00      0x438 ./Generated_Code/heap_4.o
 .debug_line    0x00004038      0x375 ./Generated_Code/list.o
 .debug_line    0x000043ad      0x437 ./Generated_Code/port.o
 .debug_line    0x000047e4      0xd6a ./Generated_Code/tasks.o

.debug_str      0x00000000    0x7d9eb
 .debug_str     0x00000000    0x7a351 ./Sources/Events.o
                              0x7a5b1 (size before relaxing)
 .debug_str     0x0007a351       0x5a ./Sources/main.o
                              0x7a495 (size before relaxing)
 .debug_str     0x0007a3ab      0x1a6 ./Project_Settings/Startup_Code/startup.o
                              0x652ab (size before relaxing)
 .debug_str     0x0007a551      0x19d ./Generated_Code/BitIoLdd1.o
                              0x6fd0c (size before relaxing)
 .debug_str     0x0007a6ee      0x38a ./Generated_Code/Cpu.o
                              0x7a859 (size before relaxing)
 .debug_str     0x0007aa78       0x31 ./Generated_Code/EInt1.o
                              0x7a45c (size before relaxing)
 .debug_str     0x0007aaa9       0xaa ./Generated_Code/ExtIntLdd1.o
                              0x73210 (size before relaxing)
 .debug_str     0x0007ab53      0x109 ./Generated_Code/FRTOS1.o
                              0x75e21 (size before relaxing)
 .debug_str     0x0007ac5c       0x32 ./Generated_Code/MCUC1.o
                              0x6ad84 (size before relaxing)
 .debug_str     0x0007ac8e      0x17e ./Generated_Code/PE_LDD.o
                              0x7a5dc (size before relaxing)
 .debug_str     0x0007ae0c      0x873 ./Generated_Code/UTIL1.o
                              0x6dc2a (size before relaxing)
 .debug_str     0x0007b67f       0x1c ./Generated_Code/Vectors.o
                              0x7a47a (size before relaxing)
 .debug_str     0x0007b69b      0x28b ./Generated_Code/heap_4.o
                              0x71084 (size before relaxing)
 .debug_str     0x0007b926      0x12b ./Generated_Code/list.o
                              0x70892 (size before relaxing)
 .debug_str     0x0007ba51      0xb8f ./Generated_Code/port.o
                              0x706d7 (size before relaxing)
 .debug_str     0x0007c5e0     0x140b ./Generated_Code/tasks.o
                              0x73acb (size before relaxing)

.comment        0x00000000       0x70
 .comment       0x00000000       0x70 ./Sources/Events.o
                                 0x71 (size before relaxing)
 .comment       0x00000000       0x71 ./Sources/main.o
 .comment       0x00000000       0x71 ./Project_Settings/Startup_Code/startup.o
 .comment       0x00000000       0x71 ./Generated_Code/BitIoLdd1.o
 .comment       0x00000000       0x71 ./Generated_Code/Cpu.o
 .comment       0x00000000       0x71 ./Generated_Code/EInt1.o
 .comment       0x00000000       0x71 ./Generated_Code/ExtIntLdd1.o
 .comment       0x00000000       0x71 ./Generated_Code/FRTOS1.o
 .comment       0x00000000       0x71 ./Generated_Code/MCUC1.o
 .comment       0x00000000       0x71 ./Generated_Code/PE_LDD.o
 .comment       0x00000000       0x71 ./Generated_Code/UTIL1.o
 .comment       0x00000000       0x71 ./Generated_Code/Vectors.o
 .comment       0x00000000       0x71 ./Generated_Code/heap_4.o
 .comment       0x00000000       0x71 ./Generated_Code/list.o
 .comment       0x00000000       0x71 ./Generated_Code/port.o
 .comment       0x00000000       0x71 ./Generated_Code/tasks.o

.debug_frame    0x00000000     0x1800
 .debug_frame   0x00000000       0xe4 ./Sources/Events.o
 .debug_frame   0x000000e4       0x50 ./Sources/main.o
 .debug_frame   0x00000134       0xc0 ./Project_Settings/Startup_Code/startup.o
 .debug_frame   0x000001f4       0xb8 ./Generated_Code/BitIoLdd1.o
 .debug_frame   0x000002ac       0xa4 ./Generated_Code/Cpu.o
 .debug_frame   0x00000350       0x30 ./Generated_Code/EInt1.o
 .debug_frame   0x00000380       0x6c ./Generated_Code/ExtIntLdd1.o
 .debug_frame   0x000003ec       0x5c ./Generated_Code/FRTOS1.o
 .debug_frame   0x00000448       0x40 ./Generated_Code/MCUC1.o
 .debug_frame   0x00000488       0x64 ./Generated_Code/PE_LDD.o
 .debug_frame   0x000004ec      0x888 ./Generated_Code/UTIL1.o
 .debug_frame   0x00000d74       0xe8 ./Generated_Code/heap_4.o
 .debug_frame   0x00000e5c       0x9c ./Generated_Code/list.o
 .debug_frame   0x00000ef8      0x1a0 ./Generated_Code/port.o
 .debug_frame   0x00001098      0x6b4 ./Generated_Code/tasks.o
 .debug_frame   0x0000174c       0x28 d:/kinetis/toolchain/bin/../lib/gcc/arm-none-eabi/4.8.4/../../../../arm-none-eabi/lib/armv7e-m\libg_s.a(lib_a-exit.o)
 .debug_frame   0x00001774       0x2c d:/kinetis/toolchain/bin/../lib/gcc/arm-none-eabi/4.8.4/../../../../arm-none-eabi/lib/armv7e-m\libg_s.a(lib_a-init.o)
 .debug_frame   0x000017a0       0x20 d:/kinetis/toolchain/bin/../lib/gcc/arm-none-eabi/4.8.4/../../../../arm-none-eabi/lib/armv7e-m\libg_s.a(lib_a-memset.o)
 .debug_frame   0x000017c0       0x20 d:/kinetis/toolchain/bin/../lib/gcc/arm-none-eabi/4.8.4/../../../../arm-none-eabi/lib/armv7e-m\libg_s.a(lib_a-strlen.o)
 .debug_frame   0x000017e0       0x20 d:/kinetis/toolchain/bin/../lib/gcc/arm-none-eabi/4.8.4/../../../../arm-none-eabi/lib/armv7e-m\libnosys.a(_exit.o)
